
================================================================================

Image Symbol Table

    Mapping Symbols

    Sym    Value        Execution Region

    $a     0x00000000   RAM
    $d     0x00000020   RAM
    $f     0x00000020   RAM
    $f     0x00000024   RAM
    $f     0x00000028   RAM
    $f     0x0000002c   RAM
    $f     0x00000030   RAM
    $f     0x00000038   RAM
    $f     0x0000003c   RAM
    $a     0x00000040   RAM
    $d     0x000000ac   RAM
    $f     0x000000b4   RAM
    $a     0x000000b8   RAM
    $d     0x000009b0   RAM
    $a     0x000009bc   RAM
    $d     0x0000162c   RAM
    $a     0x00001630   RAM
    $p     0x0000167c   RAM
    $p     0x000016fc   RAM
    $p     0x00001790   RAM
    $d     0x000017a4   RAM
    $a     0x000017c4   RAM
    $p     0x0000184c   RAM
    $p     0x0000186c   RAM
    $p     0x00001888   RAM
    $p     0x00001898   RAM
    $p     0x000018f0   RAM
    $p     0x00001924   RAM
    $p     0x0000193c   RAM
    $d     0x00001960   RAM
    $f     0x00001960   RAM
    $a     0x00001968   RAM
    $p     0x00001b34   RAM
    $p     0x00001b54   RAM
    $p     0x00001b6c   RAM
    $p     0x00001c3c   RAM
    $p     0x00001c5c   RAM
    $p     0x00001c80   RAM
    $p     0x00001c94   RAM
    $p     0x00001cac   RAM
    $d     0x00001d70   RAM
    $a     0x00001df8   RAM
    $p     0x00001eec   RAM
    $p     0x00001f10   RAM
    $p     0x00001f2c   RAM
    $p     0x00001fdc   RAM
    $p     0x00001ff8   RAM
    $d     0x000020ac   RAM
    $a     0x000020b0   RAM
    $p     0x00002128   RAM
    $p     0x00002144   RAM
    $p     0x00002168   RAM
    $p     0x00002180   RAM
    $p     0x00002250   RAM
    $p     0x00002270   RAM
    $p     0x00002294   RAM
    $p     0x000022a8   RAM
    $p     0x000022c0   RAM
    $d     0x000023c4   RAM
    $a     0x000023d4   RAM
    $p     0x00002484   RAM
    $p     0x0000249c   RAM
    $a     0x00002548   RAM
    $d     0x00002648   RAM
    $a     0x0000279c   RAM
    $d     0x00002a34   RAM
    $f     0x00002a40   RAM
    $a     0x00002a44   RAM
    $p     0x00002ad4   RAM
    $p     0x00002ae4   RAM
    $d     0x00002df0   RAM
    $a     0x00002ec8   RAM
    $d     0x000032fc   RAM
    $a     0x00003340   RAM
    $d     0x000035a8   RAM
    $f     0x000035a8   RAM
    $f     0x000035ac   RAM
    $f     0x000035b0   RAM
    $a     0x000035b4   RAM
    $d     0x00003770   RAM
    $a     0x0000379c   RAM
    $d     0x00003aec   RAM
    $a     0x00003b9c   RAM
    $d     0x00004430   RAM
    $a     0x00004454   RAM
    $d     0x0000459c   RAM
    $a     0x000045a8   RAM
    $d     0x000045ac   RAM
    $f     0x000045ac   RAM
    $a     0x000045b0   RAM
    $d     0x000045b4   RAM
    $f     0x000045b4   RAM
    $a     0x000045b8   RAM
    $d     0x000045bc   RAM
    $f     0x000045bc   RAM
    $a     0x000045c0   RAM
    $d     0x000045c4   RAM
    $f     0x000045c4   RAM
    $a     0x000045c8   RAM
    $d     0x000045cc   RAM
    $f     0x000045cc   RAM
    $a     0x000045d0   RAM
    $d     0x000045d4   RAM
    $f     0x000045d4   RAM
    $a     0x000045d8   RAM
    $d     0x000045dc   RAM
    $f     0x000045dc   RAM
    $a     0x000045e0   RAM
    $d     0x000045e4   RAM
    $f     0x000045e4   RAM
    $a     0x000045e8   RAM
    $d     0x000045ec   RAM
    $f     0x000045ec   RAM
    $a     0x000045f0   RAM
    $d     0x000045f4   RAM
    $f     0x000045f4   RAM
    $a     0x000045f8   RAM
    $d     0x000045fc   RAM
    $f     0x000045fc   RAM
    $a     0x00004600   RAM
    $d     0x00004604   RAM
    $f     0x00004604   RAM
    $a     0x00004608   RAM
    $d     0x0000460c   RAM
    $f     0x0000460c   RAM
    $a     0x00004610   RAM
    $d     0x00004638   RAM
    $f     0x00004658   RAM
    $f     0x00004664   RAM
    $f     0x00004670   RAM
    $f     0x0000467c   RAM
    $f     0x00004688   RAM
    $f     0x00004694   RAM
    $f     0x000046a0   RAM
    $f     0x000046ac   RAM
    $f     0x000046b8   RAM
    $f     0x000046c4   RAM
    $f     0x000046d0   RAM
    $f     0x000046dc   RAM
    $f     0x000046e8   RAM
    $f     0x000046f4   RAM
    $f     0x00004700   RAM
    $f     0x0000470c   RAM
    $f     0x00004718   RAM
    $f     0x00004724   RAM
    $f     0x00004730   RAM
    $f     0x0000473c   RAM
    $f     0x00004748   RAM
    $f     0x00004754   RAM
    $f     0x00004760   RAM
    $f     0x0000476c   RAM
    $d     0x00004770   RAM
    $f     0x00004778   RAM
    $d     0x0000477c   RAM
    $f     0x00004790   RAM
    $f     0x00004794   RAM
    $f     0x00004798   RAM
    $f     0x0000479c   RAM
    $f     0x000047a0   RAM
    $f     0x000047b8   RAM
    $f     0x000047bc   RAM
    $f     0x000047c0   RAM
    $f     0x000047c4   RAM
    $f     0x000047c8   RAM
    $f     0x000047e0   RAM
    $f     0x000047e4   RAM
[...]
    C$debug_frame12                          0x00002920   Data           0  exit.o(.debug_frame)
    ../../armsys.c                           0x00000000   Number         0  lib_init.o ABSOLUTE
    .text                                    0x7f0085b4   ARM Code       0  lib_init.o(.text)
    C$debug_frame18                          0x0000296c   Data           0  lib_init.o(.debug_frame)
    ../../angel/rt.s                         0x00000000   Number         0  rt_raise.o ABSOLUTE
    <Anonymous Symbol>                       0x000029e8   Data          80  rt_raise.o(.debug_frame)
    .text                                    0x7f0086b0   ARM Code      24  rt_raise.o(.text)
    ../../stkheap1.s                         0x00000000   Number         0  stkheap1.o ABSOLUTE
    <Anonymous Symbol>                       0x00002a38   Data         128  stkheap1.o(.debug_frame)
    .text                                    0x7f0086c8   ARM Code     252  stkheap1.o(.text)
    _heap_overflow                           0x7f0087b4   ARM Code       0  stkheap1.o(.text)
    ../../signal.c                           0x00000000   Number         0  __raise.o ABSOLUTE
    .text                                    0x7f0087c4   ARM Code       0  __raise.o(.text)
    C$debug_frame15                          0x00002ab8   Data           0  __raise.o(.debug_frame)
    ../../angel/sys.s                        0x00000000   Number         0  libspace.o ABSOLUTE
    .bss                                     0x00007738   Data          96  libspace.o(.bss)
    <Anonymous Symbol>                       0x00002b14   Data          68  libspace.o(.debug_frame)
    .text                                    0x7f008828   ARM Code      12  libspace.o(.text)
    __libspace_start                         0x00007738   Data          96  libspace.o(.bss)
    ../../fpinit.s                           0x00000000   Number         0  fpinit.o ABSOLUTE
    x$fpl$fpinit                             0x7f008d50   ARM Code      20  fpinit.o(x$fpl$fpinit)
    <Anonymous Symbol>                       0x00002b58   Data          76  fpinit.o(.debug_frame)
    ../../signal.c                           0x00000000   Number         0  defsig.o ABSOLUTE
    .constdata                               0x7f009550   Data           0  defsig.o(.constdata)
    .text                                    0x7f008834   ARM Code       0  defsig.o(.text)
    C$debug_frame15                          0x00002ba4   Data           0  defsig.o(.debug_frame)
    .constdata$1                             0x7f009550   Data           0  defsig.o(.constdata)
    messages@__default_signal_handler_0      0x7f009550   Data          23  defsig.o(.constdata)
    ../../angel/rt.s                         0x00000000   Number         0  rt_fp_status_addr.o ABSOLUTE
    <Anonymous Symbol>                       0x00002bf0   Data          76  rt_fp_status_addr.o(.debug_frame)
    .text                                    0x7f008994   ARM Code      16  rt_fp_status_addr.o(.text)
    ../../unhosted.s                         0x00000000   Number         0  sigdefs.o ABSOLUTE

    Global Symbols

    Symbol Name                              Value     Ov Type        Size  Object(Section)

    BuildAttributes$$ARM_ISAv4$M$PE$A:L22$X:L11$S22$~IW$USESV6$~STKCKD$USESV7$~SHL$OSPACE 0x00000000   Number         0  anon$$obj.o ABSOLUTE
    __Heap_DescSize                           - Undefined Weak Reference
    __alloca_initialize                       - Undefined Weak Reference
    __argv_alloc                              - Undefined Weak Reference
    __call_ctors()                            - Undefined Weak Reference
    __cpp_finalise                            - Undefined Weak Reference
    __cpp_initialise                          - Undefined Weak Reference
    __rt_get_argv                             - Undefined Weak Reference
    __sigvec_lookup                           - Undefined Weak Reference
    __user_heap_extend                        - Undefined Weak Reference
    __user_stack_slop                         - Undefined Weak Reference
    _atexit_init                              - Undefined Weak Reference
    _call_atexit_fns                          - Undefined Weak Reference
    _clock_init                               - Undefined Weak Reference
    _get_lc_collate                           - Undefined Weak Reference
    _get_lc_ctype                             - Undefined Weak Reference
    _get_lc_monetary                          - Undefined Weak Reference
    _get_lc_numeric                           - Undefined Weak Reference
    _get_lc_time                              - Undefined Weak Reference
    _getenv_init                              - Undefined Weak Reference
    _init_alloc                               - Undefined Weak Reference
    _init_user_alloc                          - Undefined Weak Reference
    _initio                                   - Undefined Weak Reference
    _rand_init                                - Undefined Weak Reference
    _signal_init                              - Undefined Weak Reference
    _terminate_user_alloc                     - Undefined Weak Reference
    _terminateio                              - Undefined Weak Reference
    FlashDelay                               0x00000180   ARM Code      24  flash.o(.text)
    BlockLock_W28J800TT                      0x00000198   ARM Code     128  flash.o(.text)
    BlockSize_W28J800TT                      0x00000218   ARM Code      44  flash.o(.text)
    BlockSize_W28J800BT                      0x00000244   ARM Code      44  flash.o(.text)
    BlockErase_W28J800TT                     0x00000270   ARM Code     128  flash.o(.text)
    BlockWrite_W28J800TT                     0x000002f0   ARM Code     120  flash.o(.text)
    ReadPID_Winbond                          0x00000368   ARM Code      96  flash.o(.text)
    ReadPID_W28J800TT                        0x000003c8   ARM Code      36  flash.o(.text)
    ReadPID_W28J800BT                        0x000003ec   ARM Code      36  flash.o(.text)
    ReadPID_W28J160TT                        0x00000410   ARM Code      36  flash.o(.text)
    ReadPID_W28J320TT                        0x00000434   ARM Code      36  flash.o(.text)
    BlockSize_W28J320TT                      0x00000458   ARM Code      44  flash.o(.text)
    BlockSize_W28J320BT                      0x00000484   ARM Code      44  flash.o(.text)
    BlockSize_W28J160BT                      0x000004b0   ARM Code      44  flash.o(.text)
    BlockSize_W28J160TT                      0x000004dc   ARM Code      36  flash.o(.text)
    BlockLock_W39L010                        0x00000500   ARM Code       8  flash.o(.text)
    BlockSize_W39L010                        0x00000508   ARM Code      32  flash.o(.text)
    BlockErase_W39L010                       0x00000528   ARM Code     112  flash.o(.text)
    BlockWrite_W39L010                       0x00000598   ARM Code     124  flash.o(.text)
    ReadPID_W39L010                          0x00000614   ARM Code     164  flash.o(.text)
    BlockLock_W29EE011                       0x000006b8   ARM Code       8  flash.o(.text)
    BlockSize_W29EE011                       0x000006c0   ARM Code      32  flash.o(.text)
    BlockErase_W29EE011                      0x000006e0   ARM Code     116  flash.o(.text)
    BlockWrite_W29EE011                      0x00000754   ARM Code     116  flash.o(.text)
    ReadPID_W29EE011                         0x000007c8   ARM Code     180  flash.o(.text)
    BlockLock_AM29LV800BB                    0x0000087c   ARM Code       8  flash.o(.text)
    BlockSize_AM29LV800BB                    0x00000884   ARM Code      72  flash.o(.text)
    BlockSize_AM29LV800BT                    0x000008cc   ARM Code      72  flash.o(.text)
    BlockSize_MX29LV640BB                    0x00000914   ARM Code      44  flash.o(.text)
    BlockErase_AM29LV800BB                   0x00000940   ARM Code     124  flash.o(.text)
    BlockWrite_AM29LV800BB                   0x000009bc   ARM Code     144  flash.o(.text)
    ReadPID_AM29LV                           0x00000a4c   ARM Code     120  flash.o(.text)
    ReadPID_AM29LV800BB                      0x00000ac4   ARM Code      28  flash.o(.text)
    ReadPID_AM29LV160DB                      0x00000ae0   ARM Code      28  flash.o(.text)
    ReadPID_MX29LV640BB                      0x00000afc   ARM Code      40  flash.o(.text)
    ReadPID_AM29LV320DB                      0x00000b24   ARM Code      28  flash.o(.text)
    ReadPID_S29GL064N                        0x00000b40   ARM Code      28  flash.o(.text)
    BlockErase_SST39VF6401                   0x00000b5c   ARM Code     112  flash.o(.text)
    BlockErase_SST39VF6401B                  0x00000bcc   ARM Code     112  flash.o(.text)
    BlockWrite_SST39VF6401                   0x00000c3c   ARM Code     144  flash.o(.text)
    BlockWrite_SST39VF6401B                  0x00000ccc   ARM Code     144  flash.o(.text)
    ReadPID_SST39VF6401                      0x00000d5c   ARM Code     132  flash.o(.text)
    ReadPID_SST39VF6401B                     0x00000de0   ARM Code     132  flash.o(.text)
    ReadPID_SST39VF1601                      0x00000e64   ARM Code     132  flash.o(.text)
    BlockSize_M29W320DT                      0x00000ee8   ARM Code      68  flash.o(.text)
    BlockWrite_M29W320DT                     0x00000f2c   ARM Code     136  flash.o(.text)
    ReadPID_M29WL320DB                       0x00000fb4   ARM Code     132  flash.o(.text)
    BlockSize_AM29LV160DB                    0x00001038   ARM Code      72  flash.o(.text)
    BlockSize_AM29LV160DT                    0x00001080   ARM Code      76  flash.o(.text)
    BlockSize_AM29LV320DB                    0x000010cc   ARM Code      44  flash.o(.text)
    BlockSize_AM29LV320DT                    0x000010f8   ARM Code      44  flash.o(.text)
    BlockLock_E28F640                        0x00001124   ARM Code      92  flash.o(.text)
    BlockSize_E28F640                        0x00001180   ARM Code      32  flash.o(.text)
    BlockWrite_E28F640                       0x000011a0   ARM Code      84  flash.o(.text)
    BlockErase_E28F640                       0x000011f4   ARM Code     184  flash.o(.text)
    ReadPID_E28F640                          0x000012ac   ARM Code      88  flash.o(.text)
    ReadPID_E28F128                          0x00001304   ARM Code      88  flash.o(.text)
    ReadPID_E28F320                          0x0000135c   ARM Code      88  flash.o(.text)
    BlockSize_SST39VF160                     0x000013b4   ARM Code      32  flash.o(.text)
    ReadPID_SST39VF160                       0x000013d4   ARM Code      40  flash.o(.text)
    BlockErase_SST39VF160                    0x000013fc   ARM Code     112  flash.o(.text)
    BlockErase_MX28F160C3B                   0x0000146c   ARM Code     128  flash.o(.text)
    BlockWrite_MX28F160C3B                   0x000014ec   ARM Code     120  flash.o(.text)
    FlashSize                                0x00001564   ARM Code      12  flash.o(.text)
    FindFlash                                0x00001630   ARM Code     144  image.o(.text)
    FindFooter                               0x000016c0   ARM Code     260  image.o(.text)
    FindImage                                0x000017c4   ARM Code      84  image.o(.text)
    DelBlock                                 0x00001818   ARM Code     156  image.o(.text)
    DelImage                                 0x000018b4   ARM Code     180  image.o(.text)
    CorruptCheck                             0x00001968   ARM Code     276  image.o(.text)
    WriteImage                               0x00001a7c   ARM Code     968  image.o(.text)
    WriteRawImage                            0x00001e44   ARM Code     620  image.o(.text)
    WriteFile2Image                          0x000020b0   ARM Code     804  image.o(.text)
    ChangeImageType                          0x000023d4   ARM Code     256  image.o(.text)
    ImageCheck                               0x000024d4   ARM Code     116  image.o(.text)
    BIB_ShowInfo                             0x00002548   ARM Code     596  bib.o(.text)
    _crc                                     0x0000279c   ARM Code      72  xmodem.o(.text)
    calctable                                0x000027e4   ARM Code      72  xmodem.o(.text)
    xmodem                                   0x0000282c   ARM Code     520  xmodem.o(.text)
    GetMacAddress                            0x00002a44   ARM Code      12  PacketDriver.o(.text)
    SetMacAddress                            0x00002a50   ARM Code      16  PacketDriver.o(.text)
    SetIpAddress                             0x00002a60   ARM Code      16  PacketDriver.o(.text)
    GetIpAddress                             0x00002a70   ARM Code      12  PacketDriver.o(.text)
    SetMacNumber                             0x00002a7c   ARM Code      16  PacketDriver.o(.text)
    SetPhyChip                               0x00002a8c   ARM Code      16  PacketDriver.o(.text)
    SetRMII                                  0x00002a9c   ARM Code      16  PacketDriver.o(.text)
    SysSetInterrupt                          0x00002aac   ARM Code      12  PacketDriver.o(.text)
    IRQ_IntHandler                           0x00002ab8   ARM Code      56  PacketDriver.o(.text)
    Mac_EnableInt                            0x00002af0   ARM Code      24  PacketDriver.o(.text)
    Mac_DisableInt                           0x00002b08   ARM Code      24  PacketDriver.o(.text)
    Mac_EnableBroadcast                      0x00002b20   ARM Code      56  PacketDriver.o(.text)
    Mac_DisableBroadcast                     0x00002b58   ARM Code      56  PacketDriver.o(.text)
    MiiStationWrite                          0x00002b90   ARM Code      96  PacketDriver.o(.text)
    MiiStationRead                           0x00002bf0   ARM Code      80  PacketDriver.o(.text)
    ResetPhyChip                             0x00002c40   ARM Code     648  PacketDriver.o(.text)
    EnableCamEntry                           0x00002ec8   ARM Code      52  PacketDriver.o(.text)
    DisableCamEntry                          0x00002efc   ARM Code      52  PacketDriver.o(.text)
    FillCamEntry                             0x00002f30   ARM Code      48  PacketDriver.o(.text)
    SetMacAddr                               0x00002f60   ARM Code     240  PacketDriver.o(.text)
    TxFDInitialize                           0x00003050   ARM Code     120  PacketDriver.o(.text)
    RxFDInitialize                           0x000030c8   ARM Code     116  PacketDriver.o(.text)
    ReadyMac                                 0x0000313c   ARM Code      56  PacketDriver.o(.text)
    MacTxGo                                  0x00003174   ARM Code     116  PacketDriver.o(.text)
    MAC0_Rx_isr                              0x000031e8   ARM Code     344  PacketDriver.o(.text)
    Mac_SendPacket                           0x00003340   ARM Code     160  PacketDriver.o(.text)
    MAC0_Tx_isr                              0x000033e0   ARM Code     172  PacketDriver.o(.text)
    Mac_Initialize                           0x0000348c   ARM Code     220  PacketDriver.o(.text)
    Mac_ShutDown                             0x00003568   ARM Code      64  PacketDriver.o(.text)
    UDP_Send                                 0x000035b4   ARM Code     488  TftpServer.o(.text)
    TFTP_ACK                                 0x0000379c   ARM Code      88  TftpServer.o(.text)
    NetTask                                  0x000037f4   ARM Code     176  TftpServer.o(.text)
    TFTP_Download                            0x000038a4   ARM Code     760  TftpServer.o(.text)
    Nchksum                                  0x00003b9c   ARM Code      68  NetKernel.o(.text)
    TCP_SendPacket                           0x00003be0   ARM Code     648  NetKernel.o(.text)
    NET_flush                                0x00003e68   ARM Code     100  NetKernel.o(.text)
    TCP_Core                                 0x00003ecc   ARM Code     528  NetKernel.o(.text)
    ARP_Reply                                0x000040dc   ARM Code     200  NetKernel.o(.text)
    PacketProcessor                          0x000041a4   ARM Code     688  NetKernel.o(.text)
    NET_putchar                              0x00004454   ARM Code      68  NetKernel.o(.text)
    NET_getchar                              0x00004498   ARM Code      56  NetKernel.o(.text)
    NET_kbhit                                0x000044d0   ARM Code      28  NetKernel.o(.text)
    Net_Init                                 0x000044ec   ARM Code     176  NetKernel.o(.text)
    $Ven$AA$L$$Reset_Handler                 0x000045a8   ARM Code       0  anon$$obj.o(Veneer$$Code)
    $Ven$AA$L$$uprintf                       0x000045b0   ARM Code       0  anon$$obj.o(Veneer$$Code)
    $Ven$AA$L$$__rt_memcpy                   0x000045b8   ARM Code       0  anon$$obj.o(Veneer$$Code)
    $Ven$AA$L$$ukbhit                        0x000045c0   ARM Code       0  anon$$obj.o(Veneer$$Code)
    $Ven$AA$L$$uputchar                      0x000045c8   ARM Code       0  anon$$obj.o(Veneer$$Code)
    $Ven$AA$L$$ugetchar                      0x000045d0   ARM Code       0  anon$$obj.o(Veneer$$Code)
    $Ven$AA$L$$sleep                         0x000045d8   ARM Code       0  anon$$obj.o(Veneer$$Code)
    $Ven$AA$L$$NetBuf_Allocate               0x000045e0   ARM Code       0  anon$$obj.o(Veneer$$Code)
    $Ven$AA$L$$NetBuf_AllocateIR             0x000045e8   ARM Code       0  anon$$obj.o(Veneer$$Code)
    $Ven$AA$L$$NetBuf_FreeIR                 0x000045f0   ARM Code       0  anon$$obj.o(Veneer$$Code)
    $Ven$AA$L$$NetBuf_Free                   0x000045f8   ARM Code       0  anon$$obj.o(Veneer$$Code)
    $Ven$AA$L$$NetBuf_Init                   0x00004600   ARM Code       0  anon$$obj.o(Veneer$$Code)
    $Ven$AA$L$$GetIpByDhcp                   0x00004608   ARM Code       0  anon$$obj.o(Veneer$$Code)
    shell_prompt                             0x00004640   Data          15  command.o(.data)
    NU_Commands                              0x00004650   Data         288  command.o(.data)
    NU_CommandTable                          0x00004770   Data          12  command.o(.data)
    flash                                    0x0000477c   Data        1720  flash.o(.data)
    _flash_buffer                            0x00004e34   Data           4  image.o(.data)
    TxReady0                                 0x00004e40   Data           1  PacketDriver.o(.data)
    _rmii                                    0x00004e44   Data           4  PacketDriver.o(.data)
    gMCMDR                                   0x00004e48   Data           4  PacketDriver.o(.data)
    gMIEN                                    0x00004e4c   Data           4  PacketDriver.o(.data)
    gCAMCMR                                  0x00004e50   Data           4  PacketDriver.o(.data)
    _IP_packet_ID                            0x00004e54   Data           2  NetKernel.o(.data)
    _HostIP                                  0x00004e56   Data           4  NetKernel.o(.data)
    _HostMAC                                 0x00004e5a   Data           6  NetKernel.o(.data)
    z_errmsg                                 0x00004e68   Data          40  zutil.o(.data)
    inflate_mask                             0x00004e90   Data          68  infutil.o(.data)
    _net_init                                0x0000600c   Data           4  sh.o(.bss)
    _dhcp                                    0x00006010   Data           4  sh.o(.bss)
    command_buffer                           0x00006033   Data         256  sh.o(.bss)
    memory_size                              0x000061d4   Data           4  main.o(.bss)
    semi_stack                               0x000061d8   Data           4  main.o(.bss)
    my_heap                                  0x000061dc   Data           8  main.o(.bss)
    clkTck                                   0x000061e4   Data           4  timer.o(.bss)
    my_heap_tail                             0x000061f0   Data           4  heap.o(.bss)
    my_heap_table                            0x000061f4   Data         256  heap.o(.bss)
    heap_info                                0x000062f4   Data          16  heap.o(.bss)
    FileCount                                0x00006304   Data           4  heap.o(.bss)
    ExceptionStatus                          0x00006308   Data           4  heap.o(.bss)
    ExceptionLinkReg                         0x0000630c   Data           4  heap.o(.bss)
    pressEsc                                 0x00006314   Data           4  uprintf.o(.bss)
    crcTable                                 0x0000631a   Data         512  xmodem.o(.bss)
    _phy                                     0x00006520   Data           4  PacketDriver.o(.bss)
    MAC_NUM                                  0x00006524   Data           4  PacketDriver.o(.bss)
    gCam0M_0                                 0x00006528   Data           4  PacketDriver.o(.bss)
    gCam0L_0                                 0x0000652c   Data           4  PacketDriver.o(.bss)
    gCam0M_1                                 0x00006530   Data           4  PacketDriver.o(.bss)
    gCam0L_1                                 0x00006534   Data           4  PacketDriver.o(.bss)
    _TxQueue0                                0x00006538   Data           4  PacketDriver.o(.bss)
    TDU_Flag0                                0x00006540   Data           4  PacketDriver.o(.bss)
    TDU_Flag1                                0x00006544   Data           4  PacketDriver.o(.bss)
    gCTxFDPtr                                0x00006548   Data           8  PacketDriver.o(.bss)
    gWTxFDPtr                                0x00006550   Data           8  PacketDriver.o(.bss)
    gCRxFDPtr                                0x00006558   Data           8  PacketDriver.o(.bss)
    IRQ_HandlerTable                         0x00006860   Data          76  PacketDriver.o(.bss)
    _netbuf_ready                            0x000068c0   Data           4  NetKernel.o(.bss)
    _NetTerm                                 0x000068c8   Data        2472  NetKernel.o(.bss)
    _NetBufferAvailableCount                 0x00007270   Data           4  netbuf.o(.bss)
    _bufpool                                 0x00007274   Data           4  netbuf.o(.bss)
    _nbuf_first                              0x00007278   Data           4  netbuf.o(.bss)
    _nbuf_last                               0x0000727c   Data           4  netbuf.o(.bss)
    _iqueue_first                            0x00007280   Data           4  netbuf.o(.bss)
    _iqueue_last                             0x00007284   Data           4  netbuf.o(.bss)
    _DhcpRawBuffer                           0x00007288   Data        1200  dhcp.o(.bss)
    Image$$RAM$$ZI$$Limit                    0x00007798   Number         0  anon$$obj.o ABSOLUTE
    Reset_Go                                 0x7f000000   ARM Code       0  init.o(Init)
    Reset_Handler                            0x7f000100   ARM Code       0  init.o(Init)
    __main                                   0x7f000188   ARM Code     152  __main.o(!!!)
    WBL_info                                 0x7f000230   ARM Code     280  wbl_info.o(.text)
    debug_wait                               0x7f000348   ARM Code     156  command.o(.text)
    _toupper                                 0x7f000460   ARM Code      16  sh.o(.text)
    NU_parse                                 0x7f000568   ARM Code     652  sh.o(.text)
    sh                                       0x7f0007f4   ARM Code      32  sh.o(.text)
    chartohex                                0x7f000940   ARM Code      52  sh.o(.text)
    s2hex                                    0x7f000974   ARM Code      96  sh.o(.text)
    bootPROM_yesno                           0x7f000f2c   ARM Code     108  sh.o(.text)
    ExceptionCheck                           0x7f000f98   ARM Code     208  sh.o(.text)
    validhex                                 0x7f001068   ARM Code     116  sh.o(.text)
    validdec                                 0x7f0010dc   ARM Code      48  sh.o(.text)
    s2ip                                     0x7f00110c   ARM Code     136  sh.o(.text)
    s2dec                                    0x7f001194   ARM Code      64  sh.o(.text)
    s2u                                      0x7f0011d4   ARM Code      64  sh.o(.text)
    GetAddress                               0x7f001214   ARM Code     136  sh.o(.text)
    wmemcpy                                  0x7f00129c   ARM Code      36  sh.o(.text)
    INTF_action                              0x7f0012c0   ARM Code      16  sh.o(.text)
    ERROR_action                             0x7f0012d0   ARM Code      40  sh.o(.text)
    H_action                                 0x7f0012f8   ARM Code     168  sh.o(.text)
    D_action                                 0x7f0013a0   ARM Code     516  sh.o(.text)
    E_action                                 0x7f001600   ARM Code     224  sh.o(.text)
    MX_action                                0x7f0016e0   ARM Code     384  sh.o(.text)
    MT_action                                0x7f001860   ARM Code     308  sh.o(.text)
    G_action                                 0x7f001994   ARM Code      88  sh.o(.text)
    B_action                                 0x7f0019ec   ARM Code     208  sh.o(.text)
    MSET_action                              0x7f001be4   ARM Code     240  sh.o(.text)
    setmem                                   0x7f001cd4   ARM Code     108  sh.o(.text)
    CP_usage                                 0x7f001d40   ARM Code     248  sh.o(.text)
    CP_action                                0x7f001e38   ARM Code     208  sh.o(.text)
    USB_action                               0x7f001f08   ARM Code      84  sh.o(.text)
    CACHE_action                             0x7f001f5c   ARM Code     504  sh.o(.text)
    FX_usage                                 0x7f002154   ARM Code     256  sh.o(.text)
    FX_action                                0x7f002254   ARM Code     920  sh.o(.text)
    FT_usage                                 0x7f0025ec   ARM Code      68  sh.o(.text)
    FT_action                                0x7f002630   ARM Code     720  sh.o(.text)
    DEL_usage                                0x7f002900   ARM Code     228  sh.o(.text)
    DEL_action                               0x7f0029e4   ARM Code     504  sh.o(.text)
    UNZIP_action                             0x7f002bdc   ARM Code     304  sh.o(.text)
    RUN_action                               0x7f002d0c   ARM Code     188  sh.o(.text)
    LS_action                                0x7f002dc8   ARM Code     316  sh.o(.text)
    CHK_usage                                0x7f002f04   ARM Code      44  sh.o(.text)
    CHK_action                               0x7f002f30   ARM Code     236  sh.o(.text)
    SET_action                               0x7f00301c   ARM Code    1936  sh.o(.text)
    TERM_action                              0x7f0037ac   ARM Code     288  sh.o(.text)
    BOOT_action                              0x7f0038cc   ARM Code      68  sh.o(.text)
    ATTRIB_usage                             0x7f003910   ARM Code     108  sh.o(.text)
    ATTRIB_action                            0x7f00397c   ARM Code     428  sh.o(.text)
    main                                     0x7f003d5c   ARM Code    1316  main.o(.text)
    init_timer                               0x7f004280   ARM Code      56  timer.o(.text)
    clock                                    0x7f0042b8   ARM Code      12  timer.o(.text)
    sleep                                    0x7f0042c4   ARM Code      68  timer.o(.text)
    __user_initial_stackheap                 0x7f004324   ARM Code      40  heap.o(.text)
    __Heap_ProvideMemory                     0x7f00434c   ARM Code      80  heap.o(.text)
    __Heap_Alloc                             0x7f00439c   ARM Code     140  heap.o(.text)
    __Heap_Free                              0x7f004428   ARM Code     140  heap.o(.text)
    IsNetWrite                               0x7f0044c4   ARM Code      12  uprintf.o(.text)
    SetNetWrite                              0x7f0044d0   ARM Code      12  uprintf.o(.text)
    uputchar                                 0x7f0044dc   ARM Code      64  uprintf.o(.text)
    UART_PutString                           0x7f00451c   ARM Code      36  uprintf.o(.text)
    uprintf                                  0x7f0046c0   ARM Code     104  uprintf.o(.text)
    ugetchar                                 0x7f004728   ARM Code      40  uprintf.o(.text)
    ukbhit                                   0x7f004750   ARM Code      40  uprintf.o(.text)
    BootProcess                              0x7f0048dc   ARM Code     836  bootproc.o(.text)
    fputc                                    0x7f004c20   ARM Code      32  retarget.o(.text)
    ferror                                   0x7f004c40   ARM Code       8  retarget.o(.text)
    _sys_exit                                0x7f004c48   ARM Code      20  retarget.o(.text)
    _ttywrch                                 0x7f004c5c   ARM Code      24  retarget.o(.text)
    print_sys_buf                            0x7f004c74   ARM Code      40  retarget.o(.text)
    fil_sys_buf                              0x7f004c9c   ARM Code     116  retarget.o(.text)
    all_led_on                               0x7f004d14   ARM Code      48  wbled.o(.text)
    all_led_off                              0x7f004d44   ARM Code      48  wbled.o(.text)
    runled_blink                             0x7f004d74   ARM Code     104  wbled.o(.text)
    runled_on                                0x7f004ddc   ARM Code      48  wbled.o(.text)
    start_buzzer                             0x7f004e0c   ARM Code     104  wbled.o(.text)
    stop_buzzer                              0x7f004e74   ARM Code      48  wbled.o(.text)
    checkpass                                0x7f004ea4   ARM Code      16  wbled.o(.text)
    checkfail                                0x7f004eb4   ARM Code      60  wbled.o(.text)
    wbled                                    0x7f004ef0   ARM Code       4  wbled.o(.text)
    validZipID                               0x7f004f0c   ARM Code      40  unzip.o(.text)
    unzip                                    0x7f004f34   ARM Code     296  unzip.o(.text)
    init_serial                              0x7f00505c   ARM Code      92  serial.o(.text)
    sendchar                                 0x7f0050b8   ARM Code      56  serial.o(.text)
    serial_kbhit                             0x7f0050f0   ARM Code      24  serial.o(.text)
    serial_getchar                           0x7f005108   ARM Code      24  serial.o(.text)
    UART_Speed                               0x7f005120   ARM Code     188  serial.o(.text)
    inflateReset                             0x7f0051f0   ARM Code      80  inflate.o(.text)
    inflateEnd                               0x7f005240   ARM Code      80  inflate.o(.text)
    inflateInit2_                            0x7f005290   ARM Code     288  inflate.o(.text)
    inflateInit_                             0x7f0053b0   ARM Code      16  inflate.o(.text)
    inflate                                  0x7f0053c0   ARM Code    1292  inflate.o(.text)
    inflateSetDictionary                     0x7f0058cc   ARM Code     156  inflate.o(.text)
    inflateSync                              0x7f005968   ARM Code     220  inflate.o(.text)
    inflateSyncPoint                         0x7f005a44   ARM Code      32  inflate.o(.text)
    NetBuf_Init                              0x7f005a68   ARM Code     148  netbuf.o(.text)
    NetBuf_Allocate                          0x7f005afc   ARM Code      88  netbuf.o(.text)
    NetBuf_AllocateIR                        0x7f005b54   ARM Code      76  netbuf.o(.text)
    NetBuf_Free                              0x7f005ba0   ARM Code      76  netbuf.o(.text)
    NetBuf_FreeIR                            0x7f005bec   ARM Code      60  netbuf.o(.text)
    GetIpByDhcp                              0x7f005c34   ARM Code    1484  dhcp.o(.text)
    adler32                                  0x7f006200   ARM Code     352  adler32.o(.text)
    inflate_blocks_reset                     0x7f006368   ARM Code     148  infblock.o(.text)
    inflate_blocks_new                       0x7f0063fc   ARM Code     236  infblock.o(.text)
    inflate_blocks                           0x7f0064e8   ARM Code    2308  infblock.o(.text)
    inflate_blocks_free                      0x7f006dec   ARM Code      88  infblock.o(.text)
    inflate_set_dictionary                   0x7f006e44   ARM Code      40  infblock.o(.text)
    inflate_blocks_sync_point                0x7f006e6c   ARM Code      20  infblock.o(.text)
    zlibVersion                              0x7f006e80   ARM Code      16  zutil.o(.text)
    zError                                   0x7f006e90   ARM Code      16  zutil.o(.text)
    zcalloc                                  0x7f006ea0   ARM Code      12  zutil.o(.text)
    zcfree                                   0x7f006eac   ARM Code      20  zutil.o(.text)
    inflate_flush                            0x7f006ec8   ARM Code     316  infutil.o(.text)
    inflate_trees_bits                       0x7f007430   ARM Code     272  inftrees.o(.text)
    inflate_trees_dynamic                    0x7f007540   ARM Code     588  inftrees.o(.text)
    inflate_trees_fixed                      0x7f00778c   ARM Code      48  inftrees.o(.text)
    inflate_codes_new                        0x7f0077c8   ARM Code      80  infcodes.o(.text)
    inflate_codes                            0x7f007818   ARM Code    1476  infcodes.o(.text)
    inflate_codes_free                       0x7f007ddc   ARM Code      20  infcodes.o(.text)
    inflate_fast                             0x7f007df0   ARM Code     892  inffast.o(.text)
    _main_redirection                        0x7f00816c   ARM Code       4  _no_redirect.o(.text)
    _main                                    0x7f008170   ARM Code       4  _no_redirect.o(.text)
    __rt_memclr                              0x7f008174   ARM Code      68  rt_memclr.o(.text)
    _memset                                  0x7f008178   ARM Code       0  rt_memclr.o(.text)
    __rt_memclr_w                            0x7f0081b8   ARM Code      88  rt_memclr_w.o(.text)
    _memset_w                                0x7f0081bc   ARM Code       0  rt_memclr_w.o(.text)
    __rt_memcpy                              0x7f008210   ARM Code     180  rt_memcpy.o(.text)
    __rt_memcpy_w                            0x7f0082c4   ARM Code     108  rt_memcpy_w.o(.text)
    _memcpy_lastbytes                        0x7f008310   ARM Code       0  rt_memcpy_w.o(.text)
    __rt_udiv                                0x7f008330   ARM Code     192  rt_udiv.o(.text)
    strcmp                                   0x7f0083f4   ARM Code     156  strcmp.o(.text)
    strcpy                                   0x7f008490   ARM Code     104  strcpy.o(.text)
    strlen                                   0x7f0084fc   ARM Code     100  strlen.o(.text)
    __32__use_no_semihosting_swi             0x7f008564   ARM Code       0  use_no_semi.o(.text)
    __semihosting_swi_guard                  0x7f008564   ARM Code       0  use_no_semi.o(.text)
    __use_no_semihosting_swi                 0x7f008564   ARM Code       4  use_no_semi.o(.text)
    __rt_entry                               0x7f008568   ARM Code       0  kernel.o(.text)
    __32__rt_exit                            0x7f008578   ARM Code       0  kernel.o(.text)
    __rt_exit                                0x7f008578   ARM Code      16  kernel.o(.text)
    __32__rt_abort                           0x7f008588   ARM Code       0  kernel.o(.text)
    __rt_abort                               0x7f008588   ARM Code       8  kernel.o(.text)
    __rt_div0                                0x7f008590   ARM Code      12  rt_div0.o(.text)
    exit                                     0x7f00859c   ARM Code      24  exit.o(.text)
    __rt_lib_init                            0x7f0085b4   ARM Code     228  lib_init.o(.text)
    __rt_lib_shutdown                        0x7f008698   ARM Code      20  lib_init.o(.text)
    __32__rt_raise                           0x7f0086b0   ARM Code       0  rt_raise.o(.text)
    __rt_raise                               0x7f0086b0   ARM Code      24  rt_raise.o(.text)
    __rt_stackheap_init                      0x7f0086c8   ARM Code     144  stkheap1.o(.text)
    __rt_heap_extend                         0x7f008758   ARM Code     108  stkheap1.o(.text)
    __raise                                  0x7f0087c4   ARM Code      92  __raise.o(.text)
    __user_libspace                          0x7f008828   ARM Code       8  libspace.o(.text)
    __default_signal_handler                 0x7f008834   ARM Code     352  defsig.o(.text)
    __rt_fp_status_addr                      0x7f008994   ARM Code      16  rt_fp_status_addr.o(.text)
    $Ven$AA$L$$FlashSize                     0x7f0089a4   ARM Code       0  anon$$obj.o(Veneer$$Code)
    $Ven$AA$L$$FindImage                     0x7f0089ac   ARM Code       0  anon$$obj.o(Veneer$$Code)
    $Ven$AA$L$$BIB_ShowInfo                  0x7f0089b4   ARM Code       0  anon$$obj.o(Veneer$$Code)
    $Ven$AA$L$$xmodem                        0x7f0089bc   ARM Code       0  anon$$obj.o(Veneer$$Code)
    $Ven$AA$L$$Net_Init                      0x7f0089c4   ARM Code       0  anon$$obj.o(Veneer$$Code)
    $Ven$AA$L$$TFTP_Download                 0x7f0089cc   ARM Code       0  anon$$obj.o(Veneer$$Code)
    $Ven$AA$L$$DelImage                      0x7f0089d4   ARM Code       0  anon$$obj.o(Veneer$$Code)
    $Ven$AA$L$$CorruptCheck                  0x7f0089dc   ARM Code       0  anon$$obj.o(Veneer$$Code)
    $Ven$AA$L$$WriteRawImage                 0x7f0089e4   ARM Code       0  anon$$obj.o(Veneer$$Code)
    $Ven$AA$L$$WriteImage                    0x7f0089ec   ARM Code       0  anon$$obj.o(Veneer$$Code)
    $Ven$AA$L$$DelBlock                      0x7f0089f4   ARM Code       0  anon$$obj.o(Veneer$$Code)
    $Ven$AA$L$$FindFooter                    0x7f0089fc   ARM Code       0  anon$$obj.o(Veneer$$Code)
    $Ven$AA$L$$ImageCheck                    0x7f008a04   ARM Code       0  anon$$obj.o(Veneer$$Code)
    $Ven$AA$L$$ChangeImageType               0x7f008a0c   ARM Code       0  anon$$obj.o(Veneer$$Code)
    $Ven$AA$L$$FindFlash                     0x7f008a14   ARM Code       0  anon$$obj.o(Veneer$$Code)
    $Ven$AA$L$$SetMacAddress                 0x7f008a1c   ARM Code       0  anon$$obj.o(Veneer$$Code)
    $Ven$AA$L$$SetIpAddress                  0x7f008a24   ARM Code       0  anon$$obj.o(Veneer$$Code)
    $Ven$AA$L$$SetMacNumber                  0x7f008a2c   ARM Code       0  anon$$obj.o(Veneer$$Code)
    $Ven$AA$L$$NET_putchar                   0x7f008a34   ARM Code       0  anon$$obj.o(Veneer$$Code)
    $Ven$AA$L$$NET_getchar                   0x7f008a3c   ARM Code       0  anon$$obj.o(Veneer$$Code)
    $Ven$AA$L$$NET_kbhit                     0x7f008a44   ARM Code       0  anon$$obj.o(Veneer$$Code)
    $Ven$AA$L$$Mac_DisableInt                0x7f008a4c   ARM Code       0  anon$$obj.o(Veneer$$Code)
    $Ven$AA$L$$Mac_EnableInt                 0x7f008a54   ARM Code       0  anon$$obj.o(Veneer$$Code)
    $Ven$AA$L$$UDP_Send                      0x7f008a5c   ARM Code       0  anon$$obj.o(Veneer$$Code)
    $Ven$AA$L$$NetTask                       0x7f008a64   ARM Code       0  anon$$obj.o(Veneer$$Code)
    WB_TrapSWI                               0x7f008a6c   ARM Code       0  switrap.o(WB_Traps)
    EnableIRQ                                0x7f008c98   ARM Code       0  irq.o(irq_function)
    DisableIRQ                               0x7f008cb0   ARM Code       0  irq.o(irq_function)
    timer_handler                            0x7f008cc8   ARM Code       0  irq.o(irq_function)
    MemSize                                  0x7f008cf8   ARM Code       0  mem.o(memory_asm)
    _fp_init                                 0x7f008d50   ARM Code      20  fpinit.o(x$fpl$fpinit)
    __fplib_config_pureend_doubles           0x7f008d60   ARM Code       0  fpinit.o(x$fpl$fpinit)
    Region$$Table$$Base                      0x7f00967c   Data           0  anon$$obj.o(Region$$Table)
    Region$$Table$$Limit                     0x7f009694   Data           0  anon$$obj.o(Region$$Table)
    ZISection$$Table$$Base                   0x7f009694   Data           0  anon$$obj.o(ZISection$$Table)
    ZISection$$Table$$Limit                  0x7f0096a4   Data           0  anon$$obj.o(ZISection$$Table)
    __SIG_IGN                                0xfffffffd   Number         0  sigdefs.o ABSOLUTE
    __SIG_ERR                                0xfffffffe   Number         0  sigdefs.o ABSOLUTE
    __SIG_DFL                                0xffffffff   Number         0  sigdefs.o ABSOLUTE


================================================================================

Memory Map of the image

  Image Entry point : 0x7f000000

  Load Region ROM_LOAD (Base: 0x7f000000, Size: 0x0000f680, Max: 0xffffffff, ABSOLUTE)

    Execution Region ROM (Base: 0x7f000000, Size: 0x000096a4, Max: 0xffffffff, ABSOLUTE)

    Base Addr    Size         Type   Attr  Idx  E Section Name        Object

    0x7f000000   0x00000188   Code   RO     1   * Init                init.o
    0x7f000188   0x000000a8   Code   RO   684   * !!!                 __main.o(c_a__un.l)
    0x7f000230   0x00000118   Code   RO     9     .text               wbl_info.o
    0x7f000348   0x00000118   Code   RO    40     .text               command.o
    0x7f000460   0x000038fc   Code   RO   308     .text               sh.o(shell_li.a)
    0x7f003d5c   0x00000524   Code   RO   456     .text               main.o(shell_li.a)
    0x7f004280   0x000000a4   Code   RO   478     .text               timer.o(shell_li.a)
    0x7f004324   0x000001a0   Code   RO   499     .text               heap.o(shell_li.a)
    0x7f0044c4   0x00000418   Code   RO   542     .text               uprintf.o(uprintf_li.a)
    0x7f0048dc   0x00000344   Code   RO   550     .text               bootproc.o(shell_li.a)
    0x7f004c20   0x000000f4   Code   RO   565     .text               retarget.o(shell_li.a)
    0x7f004d14   0x000001f8   Code   RO   598     .text               wbled.o(shell_li.a)
    0x7f004f0c   0x00000150   Code   RO   634     .text               unzip.o(zlib_li.a)
    0x7f00505c   0x00000194   Code   RO   636     .text               serial.o(uprintf_li.a)
    0x7f0051f0   0x00000878   Code   RO   652     .text               inflate.o(zlib_li.a)
    0x7f005a68   0x000001cc   Code   RO   655     .text               netbuf.o(TFTPserv_li.a)
    0x7f005c34   0x000005cc   Code   RO   658     .text               dhcp.o(TFTPserv_li.a)
    0x7f006200   0x00000168   Code   RO   663     .text               adler32.o(zlib_li.a)
    0x7f006368   0x00000b18   Code   RO   665     .text               infblock.o(zlib_li.a)
    0x7f006e80   0x00000048   Code   RO   668     .text               zutil.o(zlib_li.a)
    0x7f006ec8   0x0000013c   Code   RO   672     .text               infutil.o(zlib_li.a)
    0x7f007004   0x000007c4   Code   RO   675     .text               inftrees.o(zlib_li.a)
    0x7f0077c8   0x00000628   Code   RO   680     .text               infcodes.o(zlib_li.a)
    0x7f007df0   0x0000037c   Code   RO   682     .text               inffast.o(zlib_li.a)
    0x7f00816c   0x00000008   Code   RO   686     .text               _no_redirect.o(c_a__un.l)
    0x7f008174   0x00000044   Code   RO   688     .text               rt_memclr.o(c_a__un.l)
    0x7f0081b8   0x00000058   Code   RO   690     .text               rt_memclr_w.o(c_a__un.l)
    0x7f008210   0x000000b4   Code   RO   692     .text               rt_memcpy.o(c_a__un.l)
    0x7f0082c4   0x0000006c   Code   RO   694     .text               rt_memcpy_w.o(c_a__un.l)
    0x7f008330   0x000000c0   Code   RO   696     .text               rt_udiv.o(c_a__un.l)
    0x7f0083f0   0x000000a0   Code   RO   698     .text               strcmp.o(c_a__un.l)
    0x7f008490   0x0000006c   Code   RO   700     .text               strcpy.o(c_a__un.l)
    0x7f0084fc   0x00000068   Code   RO   702     .text               strlen.o(c_a__un.l)
    0x7f008564   0x00000004   Code   RO   704     .text               use_no_semi.o(c_a__un.l)
    0x7f008568   0x00000028   Code   RO   706     .text               kernel.o(c_a__un.l)
    0x7f008590   0x0000000c   Code   RO   708     .text               rt_div0.o(c_a__un.l)
    0x7f00859c   0x00000018   Code   RO   710     .text               exit.o(c_a__un.l)
    0x7f0085b4   0x000000fc   Code   RO   712     .text               lib_init.o(c_a__un.l)
    0x7f0086b0   0x00000018   Code   RO   714     .text               rt_raise.o(c_a__un.l)
    0x7f0086c8   0x000000fc   Code   RO   716     .text               stkheap1.o(c_a__un.l)
    0x7f0087c4   0x00000064   Code   RO   718     .text               __raise.o(c_a__un.l)
    0x7f008828   0x0000000c   Code   RO   720     .text               libspace.o(c_a__un.l)
    0x7f008834   0x00000160   Code   RO   725     .text               defsig.o(c_a__un.l)
    0x7f008994   0x00000010   Code   RO   728     .text               rt_fp_status_addr.o(c_a__un.l)
    0x7f0089a4   0x00000008   Code   RO   733     Veneer$$Code        anon$$obj.o
    0x7f0089ac   0x00000008   Code   RO   734     Veneer$$Code        anon$$obj.o
    0x7f0089b4   0x00000008   Code   RO   735     Veneer$$Code        anon$$obj.o
    0x7f0089bc   0x00000008   Code   RO   736     Veneer$$Code        anon$$obj.o
    0x7f0089c4   0x00000008   Code   RO   737     Veneer$$Code        anon$$obj.o
    0x7f0089cc   0x00000008   Code   RO   738     Veneer$$Code        anon$$obj.o
    0x7f0089d4   0x00000008   Code   RO   739     Veneer$$Code        anon$$obj.o
    0x7f0089dc   0x00000008   Code   RO   740     Veneer$$Code        anon$$obj.o
    0x7f0089e4   0x00000008   Code   RO   741     Veneer$$Code        anon$$obj.o
    0x7f0089ec   0x00000008   Code   RO   742     Veneer$$Code        anon$$obj.o
    0x7f0089f4   0x00000008   Code   RO   743     Veneer$$Code        anon$$obj.o
    0x7f0089fc   0x00000008   Code   RO   744     Veneer$$Code        anon$$obj.o
    0x7f008a04   0x00000008   Code   RO   745     Veneer$$Code        anon$$obj.o
    0x7f008a0c   0x00000008   Code   RO   746     Veneer$$Code        anon$$obj.o
    0x7f008a14   0x00000008   Code   RO   747     Veneer$$Code        anon$$obj.o
    0x7f008a1c   0x00000008   Code   RO   748     Veneer$$Code        anon$$obj.o
    0x7f008a24   0x00000008   Code   RO   749     Veneer$$Code        anon$$obj.o
    0x7f008a2c   0x00000008   Code   RO   750     Veneer$$Code        anon$$obj.o
    0x7f008a34   0x00000008   Code   RO   751     Veneer$$Code        anon$$obj.o
    0x7f008a3c   0x00000008   Code   RO   752     Veneer$$Code        anon$$obj.o
    0x7f008a44   0x00000008   Code   RO   753     Veneer$$Code        anon$$obj.o
    0x7f008a4c   0x00000008   Code   RO   754     Veneer$$Code        anon$$obj.o
    0x7f008a54   0x00000008   Code   RO   755     Veneer$$Code        anon$$obj.o
    0x7f008a5c   0x00000008   Code   RO   756     Veneer$$Code        anon$$obj.o
    0x7f008a64   0x00000008   Code   RO   757     Veneer$$Code        anon$$obj.o
    0x7f008a6c   0x0000022c   Code   RO   474     WB_Traps            switrap.o(shell_li.a)
    0x7f008c98   0x00000060   Code   RO   546     irq_function        irq.o(shell_li.a)
    0x7f008cf8   0x00000058   Code   RO   561     memory_asm          mem.o(shell_li.a)
    0x7f008d50   0x00000014   Code   RO   723     x$fpl$fpinit        fpinit.o(f_a_p.l)
    0x7f008d64   0x00000048   Data   RO    10     .constdata          wbl_info.o
    0x7f008dac   0x000002c4   Data   RO    43     .constdata          command.o
    0x7f009070   0x00000220   Data   RO   310     .constdata          sh.o(shell_li.a)
    0x7f009290   0x00000006   Data   RO   457     .constdata          main.o(shell_li.a)
    0x7f009296   0x00000004   Data   RO   653     .constdata          inflate.o(zlib_li.a)
    0x7f00929a   0x0000000a   Data   RO   660     .constdata          dhcp.o(TFTPserv_li.a)
    0x7f0092a4   0x0000004c   Data   RO   666     .constdata          infblock.o(zlib_li.a)
    0x7f0092f0   0x00000075   Data   RO   670     .constdata          zutil.o(zlib_li.a)
    0x7f009365   0x00000003   PAD
    0x7f009368   0x000001e8   Data   RO   677     .constdata          inftrees.o(zlib_li.a)
    0x7f009550   0x0000012b   Data   RO   726     .constdata          defsig.o(c_a__un.l)
    0x7f00967b   0x00000001   PAD
    0x7f00967c   0x00000018   Data   RO   731     Region$$Table       anon$$obj.o
    0x7f009694   0x00000010   Data   RO   732     ZISection$$Table    anon$$obj.o


    Execution Region RAM (Base: 0x00000000, Size: 0x00007798, Max: 0xffffffff, ABSOLUTE)

    Base Addr    Size         Type   Attr  Idx  E Section Name        Object

    0x00000000   0x000000b8   Code   RO     5   * Vect                vectors.o
    0x000000b8   0x00001578   Code   RO    67     .text               flash.o(flash_li.a)
    0x00001630   0x00000f18   Code   RO   282     .text               image.o(flash_li.a)
    0x00002548   0x00000254   Code   RO   529     .text               bib.o(shell_li.a)
    0x0000279c   0x000002a8   Code   RO   631     .text               xmodem.o(Xmodem_li.a)
    0x00002a44   0x00000b70   Code   RO   638     .text               PacketDriver.o(TFTPserv_li.a)
    0x000035b4   0x000005e8   Code   RO   644     .text               TftpServer.o(TFTPserv_li.a)
    0x00003b9c   0x00000a0c   Code   RO   647     .text               NetKernel.o(TFTPserv_li.a)
    0x000045a8   0x00000008   Code   RO   758     Veneer$$Code        anon$$obj.o
    0x000045b0   0x00000008   Code   RO   759     Veneer$$Code        anon$$obj.o
    0x000045b8   0x00000008   Code   RO   760     Veneer$$Code        anon$$obj.o
    0x000045c0   0x00000008   Code   RO   761     Veneer$$Code        anon$$obj.o
    0x000045c8   0x00000008   Code   RO   762     Veneer$$Code        anon$$obj.o
    0x000045d0   0x00000008   Code   RO   763     Veneer$$Code        anon$$obj.o
    0x000045d8   0x00000008   Code   RO   764     Veneer$$Code        anon$$obj.o
    0x000045e0   0x00000008   Code   RO   765     Veneer$$Code        anon$$obj.o
    0x000045e8   0x00000008   Code   RO   766     Veneer$$Code        anon$$obj.o
    0x000045f0   0x00000008   Code   RO   767     Veneer$$Code        anon$$obj.o
    0x000045f8   0x00000008   Code   RO   768     Veneer$$Code        anon$$obj.o
    0x00004600   0x00000008   Code   RO   769     Veneer$$Code        anon$$obj.o
    0x00004608   0x00000008   Code   RO   770     Veneer$$Code        anon$$obj.o
    0x00004610   0x0000002c   Code   RO    68     i.FlushDCache       flash.o(flash_li.a)
    0x0000463c   0x00000004   Data   RO   649     .constdata          NetKernel.o(TFTPserv_li.a)
    0x00004640   0x0000000f   Data   RW    41     .data               command.o
    0x0000464f   0x00000001   PAD
    0x00004650   0x00000120   Data   RW    42     .data               command.o
    0x00004770   0x0000000c   Data   RW    44     .data               command.o
    0x0000477c   0x000006b8   Data   RW    70     .data               flash.o(flash_li.a)
    0x00004e34   0x00000008   Data   RW   283     .data               image.o(flash_li.a)
    0x00004e3c   0x00000004   Data   RW   309     .data               sh.o(shell_li.a)
    0x00004e40   0x00000014   Data   RW   639     .data               PacketDriver.o(TFTPserv_li.a)
    0x00004e54   0x0000000c   Data   RW   648     .data               NetKernel.o(TFTPserv_li.a)
    0x00004e60   0x00000007   Data   RW   659     .data               dhcp.o(TFTPserv_li.a)
    0x00004e67   0x00000001   PAD
    0x00004e68   0x00000028   Data   RW   669     .data               zutil.o(zlib_li.a)
    0x00004e90   0x00000044   Data   RW   673     .data               infutil.o(zlib_li.a)
    0x00004ed4   0x00001108   Data   RW   676     .data               inftrees.o(zlib_li.a)
    0x00005fdc   0x00000008   Zero   RW    69     .bss                flash.o(flash_li.a)
    0x00005fe4   0x00000020   Zero   RW   284     .bss                image.o(flash_li.a)
    0x00006004   0x000001d0   Zero   RW   311     .bss                sh.o(shell_li.a)
    0x000061d4   0x00000010   Zero   RW   458     .bss                main.o(shell_li.a)
    0x000061e4   0x00000004   Zero   RW   479     .bss                timer.o(shell_li.a)
    0x000061e8   0x0000011c   Zero   RW   500     .bss                heap.o(shell_li.a)
    0x00006304   0x00000004   Zero   RW   501     .bss                heap.o(shell_li.a)
    0x00006308   0x00000004   Zero   RW   502     .bss                heap.o(shell_li.a)
    0x0000630c   0x00000004   Zero   RW   503     .bss                heap.o(shell_li.a)
    0x00006310   0x00000008   Zero   RW   543     .bss                uprintf.o(uprintf_li.a)
    0x00006318   0x00000202   Zero   RW   632     .bss                xmodem.o(Xmodem_li.a)
    0x0000651a   0x00000006   PAD
    0x00006520   0x00000390   Zero   RW   640     .bss                PacketDriver.o(TFTPserv_li.a)
    0x000068b0   0x0000000e   Zero   RW   645     .bss                TftpServer.o(TFTPserv_li.a)
    0x000068be   0x00000002   PAD
    0x000068c0   0x000009b0   Zero   RW   650     .bss                NetKernel.o(TFTPserv_li.a)
    0x00007270   0x00000018   Zero   RW   656     .bss                netbuf.o(TFTPserv_li.a)
    0x00007288   0x000004b0   Zero   RW   661     .bss                dhcp.o(TFTPserv_li.a)
    0x00007738   0x00000060   Zero   RW   721     .bss                libspace.o(c_a__un.l)



  Load Region LR$$Debug (Base: 0x00000000, Size: 0x00000000, Max: 0xffffffff, ABSOLUTE)

    Execution Region ER$$Debug (Base: 0x00000000, Size: 0x00000000, Max: 0xffffffff, ABSOLUTE)

    Base Addr    Size         Type   Attr  Idx  E Section Name        Object

    0x00000000   0x00000010   Dbug   RW     4     .debug_abbrev       init.o
    0x00000010   0x00000010   Dbug   RW     8     .debug_abbrev       vectors.o
    0x00000020   0x000003ec   Dbug   RW    23     .debug_abbrev       wbl_info.o
    0x0000040c   0x00000010   Dbug   RW   477     .debug_abbrev       switrap.o(shell_li.a)
    0x0000041c   0x00000010   Dbug   RW   549     .debug_abbrev       irq.o(shell_li.a)
    0x0000042c   0x00000010   Dbug   RW   564     .debug_abbrev       mem.o(shell_li.a)
    0x00000000   0x00000048   Dbug   RW    22     .debug_frame        wbl_info.o
    0x00000048   0x00000078   Dbug   RW    59     .debug_frame        command.o
    0x000000c0   0x000007e0   Dbug   RW   267     .debug_frame        flash.o(flash_li.a)
    0x000008a0   0x0000003c   Dbug   RW   275     .debug_frame        flash.o(flash_li.a)
    0x000008dc   0x0000021c   Dbug   RW   305     .debug_frame        image.o(flash_li.a)
    0x00000af8   0x00000768   Dbug   RW   411     .debug_frame        sh.o(shell_li.a)
    0x00001260   0x00000068   Dbug   RW   468     .debug_frame        main.o(shell_li.a)
    0x000012c8   0x0000006c   Dbug   RW   498     .debug_frame        timer.o(shell_li.a)
    0x00001334   0x000000a0   Dbug   RW   524     .debug_frame        heap.o(shell_li.a)
    0x000013d4   0x00000058   Dbug   RW   537     .debug_frame        bib.o(shell_li.a)
    0x0000142c   0x00000198   Dbug   RW   545     .debug_frame        uprintf.o(uprintf_li.a)
    0x000015c4   0x00000068   Dbug   RW   560     .debug_frame        bootproc.o(shell_li.a)
    0x0000162c   0x000000d4   Dbug   RW   593     .debug_frame        retarget.o(shell_li.a)
    0x00001700   0x000000d8   Dbug   RW   627     .debug_frame        wbled.o(shell_li.a)
    0x000017d8   0x00000094   Dbug   RW   633     .debug_frame        xmodem.o(Xmodem_li.a)
    0x0000186c   0x00000070   Dbug   RW   635     .debug_frame        unzip.o(zlib_li.a)
    0x000018dc   0x0000007c   Dbug   RW   637     .debug_frame        serial.o(uprintf_li.a)
    0x00001958   0x000002d8   Dbug   RW   643     .debug_frame        PacketDriver.o(TFTPserv_li.a)
    0x00001c30   0x000000f0   Dbug   RW   646     .debug_frame        TftpServer.o(TFTPserv_li.a)
    0x00001d20   0x000001a4   Dbug   RW   651     .debug_frame        NetKernel.o(TFTPserv_li.a)
    0x00001ec4   0x00000160   Dbug   RW   654     .debug_frame        inflate.o(zlib_li.a)
    0x00002024   0x000000b8   Dbug   RW   657     .debug_frame        netbuf.o(TFTPserv_li.a)
    0x000020dc   0x00000068   Dbug   RW   662     .debug_frame        dhcp.o(TFTPserv_li.a)
    0x00002144   0x0000005c   Dbug   RW   664     .debug_frame        adler32.o(zlib_li.a)
    0x000021a0   0x00000100   Dbug   RW   667     .debug_frame        infblock.o(zlib_li.a)
    0x000022a0   0x0000007c   Dbug   RW   671     .debug_frame        zutil.o(zlib_li.a)
    0x0000231c   0x0000005c   Dbug   RW   674     .debug_frame        infutil.o(zlib_li.a)
    0x00002378   0x000000f4   Dbug   RW   679     .debug_frame        inftrees.o(zlib_li.a)
    0x0000246c   0x000000a0   Dbug   RW   681     .debug_frame        infcodes.o(zlib_li.a)
    0x0000250c   0x00000068   Dbug   RW   683     .debug_frame        inffast.o(zlib_li.a)
    0x00002574   0x0000003c   Dbug   RW   685     .debug_frame        __main.o(c_a__un.l)
    0x000025b0   0x0000004c   Dbug   RW   687     .debug_frame        _no_redirect.o(c_a__un.l)
    0x000025fc   0x00000044   Dbug   RW   689     .debug_frame        rt_memclr.o(c_a__un.l)
    0x00002640   0x00000054   Dbug   RW   691     .debug_frame        rt_memclr_w.o(c_a__un.l)
    0x00002694   0x0000003c   Dbug   RW   693     .debug_frame        rt_memcpy.o(c_a__un.l)
    0x000026d0   0x00000054   Dbug   RW   695     .debug_frame        rt_memcpy_w.o(c_a__un.l)
    0x00002724   0x00000044   Dbug   RW   697     .debug_frame        rt_udiv.o(c_a__un.l)
    0x00002768   0x00000054   Dbug   RW   699     .debug_frame        strcmp.o(c_a__un.l)
    0x000027bc   0x00000050   Dbug   RW   701     .debug_frame        strcpy.o(c_a__un.l)
    0x0000280c   0x0000003c   Dbug   RW   703     .debug_frame        strlen.o(c_a__un.l)
    0x00002848   0x00000044   Dbug   RW   705     .debug_frame        use_no_semi.o(c_a__un.l)
    0x0000288c   0x00000058   Dbug   RW   707     .debug_frame        kernel.o(c_a__un.l)
    0x000028e4   0x0000003c   Dbug   RW   709     .debug_frame        rt_div0.o(c_a__un.l)
    0x00002920   0x0000004c   Dbug   RW   711     .debug_frame        exit.o(c_a__un.l)
    0x0000296c   0x0000007c   Dbug   RW   713     .debug_frame        lib_init.o(c_a__un.l)
    0x000029e8   0x00000050   Dbug   RW   715     .debug_frame        rt_raise.o(c_a__un.l)
    0x00002a38   0x00000080   Dbug   RW   717     .debug_frame        stkheap1.o(c_a__un.l)
    0x00002ab8   0x0000005c   Dbug   RW   719     .debug_frame        __raise.o(c_a__un.l)
    0x00002b14   0x00000044   Dbug   RW   722     .debug_frame        libspace.o(c_a__un.l)
    0x00002b58   0x0000004c   Dbug   RW   724     .debug_frame        fpinit.o(f_a_p.l)
    0x00002ba4   0x0000004c   Dbug   RW   727     .debug_frame        defsig.o(c_a__un.l)
    0x00002bf0   0x0000004c   Dbug   RW   729     .debug_frame        rt_fp_status_addr.o(c_a__un.l)
    0x00000000   0x00000080   Dbug   RW     2     .debug_info         init.o
    0x00000080   0x00000084   Dbug   RW     6     .debug_info         vectors.o
    0x00000104   0x00000128   Dbug   RW    29     .debug_info         wbl_info.o
    0x0000022c   0x0000030c   Dbug   RW    33     .debug_info         wbl_info.o
    0x00000538   0x000001c0   Dbug   RW    37     .debug_info         wbl_info.o
    0x000006f8   0x000000e4   Dbug   RW    12     .debug_info         wbl_info.o
    0x000007dc   0x000000cc   Dbug   RW    19     .debug_info         wbl_info.o
    0x000008a8   0x000000e8   Dbug   RW    46     .debug_info         command.o
    0x00000990   0x00000144   Dbug   RW    61     .debug_info         command.o
    0x00000ad4   0x000000e4   Dbug   RW    52     .debug_info         command.o
    0x00000bb8   0x000000e0   Dbug   RW    49     .debug_info         command.o
    0x00000c98   0x0000015c   Dbug   RW    56     .debug_info         command.o
    0x00000df4   0x00000310   Dbug   RW   279     .debug_info         flash.o(flash_li.a)
    0x00001104   0x000000a4   Dbug   RW   269     .debug_info         flash.o(flash_li.a)
    0x000011a8   0x000000e8   Dbug   RW    72     .debug_info         flash.o(flash_li.a)
    0x00001290   0x000000fc   Dbug   RW    75     .debug_info         flash.o(flash_li.a)
    0x0000138c   0x000000fc   Dbug   RW    78     .debug_info         flash.o(flash_li.a)
    0x00001488   0x00000098   Dbug   RW    81     .debug_info         flash.o(flash_li.a)
    0x00001520   0x0000008c   Dbug   RW    84     .debug_info         flash.o(flash_li.a)
    0x000015ac   0x000000b8   Dbug   RW    87     .debug_info         flash.o(flash_li.a)
    0x00001664   0x000000b8   Dbug   RW    90     .debug_info         flash.o(flash_li.a)
    0x0000171c   0x00000138   Dbug   RW    93     .debug_info         flash.o(flash_li.a)
    0x00001854   0x00000138   Dbug   RW    96     .debug_info         flash.o(flash_li.a)
    0x0000198c   0x00000100   Dbug   RW    99     .debug_info         flash.o(flash_li.a)
    0x00001a8c   0x00000100   Dbug   RW   102     .debug_info         flash.o(flash_li.a)
    0x00001b8c   0x00000100   Dbug   RW   105     .debug_info         flash.o(flash_li.a)
    0x00001c8c   0x00000100   Dbug   RW   108     .debug_info         flash.o(flash_li.a)
    0x00001d8c   0x000000b8   Dbug   RW   111     .debug_info         flash.o(flash_li.a)
    0x00001e44   0x000000b8   Dbug   RW   114     .debug_info         flash.o(flash_li.a)
    0x00001efc   0x000000b8   Dbug   RW   117     .debug_info         flash.o(flash_li.a)
    0x00001fb4   0x000000b8   Dbug   RW   120     .debug_info         flash.o(flash_li.a)
    0x0000206c   0x000000b0   Dbug   RW   123     .debug_info         flash.o(flash_li.a)
    0x0000211c   0x000000ac   Dbug   RW   126     .debug_info         flash.o(flash_li.a)
    0x000021c8   0x000000d0   Dbug   RW   129     .debug_info         flash.o(flash_li.a)
    0x00002298   0x000000f0   Dbug   RW   132     .debug_info         flash.o(flash_li.a)
    0x00002388   0x00000108   Dbug   RW   135     .debug_info         flash.o(flash_li.a)
    0x00002490   0x000000b0   Dbug   RW   138     .debug_info         flash.o(flash_li.a)
    0x00002540   0x000000ac   Dbug   RW   141     .debug_info         flash.o(flash_li.a)
    0x000025ec   0x000000dc   Dbug   RW   144     .debug_info         flash.o(flash_li.a)
    0x000026c8   0x000000e8   Dbug   RW   147     .debug_info         flash.o(flash_li.a)
    0x000027b0   0x00000108   Dbug   RW   150     .debug_info         flash.o(flash_li.a)
    0x000028b8   0x000000b4   Dbug   RW   153     .debug_info         flash.o(flash_li.a)
    0x0000296c   0x000000c8   Dbug   RW   156     .debug_info         flash.o(flash_li.a)
    0x00002a34   0x000000c8   Dbug   RW   159     .debug_info         flash.o(flash_li.a)
    0x00002afc   0x000000bc   Dbug   RW   162     .debug_info         flash.o(flash_li.a)
    0x00002bb8   0x00000104   Dbug   RW   165     .debug_info         flash.o(flash_li.a)
    0x00002cbc   0x00000124   Dbug   RW   168     .debug_info         flash.o(flash_li.a)
    0x00002de0   0x000000f0   Dbug   RW   171     .debug_info         flash.o(flash_li.a)
    0x00002ed0   0x000000f0   Dbug   RW   174     .debug_info         flash.o(flash_li.a)
    0x00002fc0   0x000000f0   Dbug   RW   177     .debug_info         flash.o(flash_li.a)
    0x000030b0   0x000000f0   Dbug   RW   180     .debug_info         flash.o(flash_li.a)
    0x000031a0   0x000000ec   Dbug   RW   183     .debug_info         flash.o(flash_li.a)
    0x0000328c   0x00000104   Dbug   RW   186     .debug_info         flash.o(flash_li.a)
    0x00003390   0x00000108   Dbug   RW   189     .debug_info         flash.o(flash_li.a)
    0x00003498   0x00000128   Dbug   RW   192     .debug_info         flash.o(flash_li.a)
    0x000035c0   0x00000128   Dbug   RW   195     .debug_info         flash.o(flash_li.a)
    0x000036e8   0x0000010c   Dbug   RW   198     .debug_info         flash.o(flash_li.a)
    0x000037f4   0x0000010c   Dbug   RW   201     .debug_info         flash.o(flash_li.a)
    0x00003900   0x0000010c   Dbug   RW   204     .debug_info         flash.o(flash_li.a)
    0x00003a0c   0x000000c4   Dbug   RW   207     .debug_info         flash.o(flash_li.a)
    0x00003ad0   0x00000124   Dbug   RW   210     .debug_info         flash.o(flash_li.a)
    0x00003bf4   0x0000010c   Dbug   RW   213     .debug_info         flash.o(flash_li.a)
    0x00003d00   0x000000c8   Dbug   RW   216     .debug_info         flash.o(flash_li.a)
    0x00003dc8   0x000000c8   Dbug   RW   219     .debug_info         flash.o(flash_li.a)
    0x00003e90   0x000000bc   Dbug   RW   222     .debug_info         flash.o(flash_li.a)
    0x00003f4c   0x000000bc   Dbug   RW   225     .debug_info         flash.o(flash_li.a)
    0x00004008   0x000000c8   Dbug   RW   228     .debug_info         flash.o(flash_li.a)
    0x000040d0   0x000000ac   Dbug   RW   231     .debug_info         flash.o(flash_li.a)
    0x0000417c   0x00000158   Dbug   RW   234     .debug_info         flash.o(flash_li.a)
    0x000042d4   0x000000f0   Dbug   RW   237     .debug_info         flash.o(flash_li.a)
    0x000043c4   0x000000f0   Dbug   RW   240     .debug_info         flash.o(flash_li.a)
    0x000044b4   0x000000f0   Dbug   RW   243     .debug_info         flash.o(flash_li.a)
    0x000045a4   0x000000b0   Dbug   RW   246     .debug_info         flash.o(flash_li.a)
    0x00004654   0x000000f0   Dbug   RW   249     .debug_info         flash.o(flash_li.a)
    0x00004744   0x00000104   Dbug   RW   252     .debug_info         flash.o(flash_li.a)
    0x00004848   0x00000138   Dbug   RW   255     .debug_info         flash.o(flash_li.a)
    0x00004980   0x00000138   Dbug   RW   258     .debug_info         flash.o(flash_li.a)
    0x00004ab8   0x00000090   Dbug   RW   261     .debug_info         flash.o(flash_li.a)
    0x00004b48   0x00001bbc   Dbug   RW   264     .debug_info         flash.o(flash_li.a)
    0x00006704   0x000000ac   Dbug   RW   273     .debug_info         flash.o(flash_li.a)
    0x000067b0   0x00000310   Dbug   RW   306     .debug_info         image.o(flash_li.a)
    0x00006ac0   0x0000011c   Dbug   RW   286     .debug_info         image.o(flash_li.a)
    0x00006bdc   0x00000154   Dbug   RW   289     .debug_info         image.o(flash_li.a)
    0x00006d30   0x000001b0   Dbug   RW   292     .debug_info         image.o(flash_li.a)
    0x00006ee0   0x00000110   Dbug   RW   295     .debug_info         image.o(flash_li.a)
    0x00006ff0   0x000011e0   Dbug   RW   302     .debug_info         image.o(flash_li.a)
    0x000081d0   0x00000128   Dbug   RW   424     .debug_info         sh.o(shell_li.a)
    0x000082f8   0x00000144   Dbug   RW   426     .debug_info         sh.o(shell_li.a)
    0x0000843c   0x00000184   Dbug   RW   404     .debug_info         sh.o(shell_li.a)
    0x000085c0   0x00000098   Dbug   RW   314     .debug_info         sh.o(shell_li.a)
    0x00008658   0x00000108   Dbug   RW   317     .debug_info         sh.o(shell_li.a)
    0x00008760   0x00000080   Dbug   RW   413     .debug_info         sh.o(shell_li.a)
    0x000087e0   0x0000011c   Dbug   RW   320     .debug_info         sh.o(shell_li.a)
    0x000088fc   0x000000e0   Dbug   RW   323     .debug_info         sh.o(shell_li.a)
    0x000089dc   0x00000094   Dbug   RW   326     .debug_info         sh.o(shell_li.a)
    0x00008a70   0x000000fc   Dbug   RW   329     .debug_info         sh.o(shell_li.a)
    0x00008b6c   0x00000088   Dbug   RW   332     .debug_info         sh.o(shell_li.a)
    0x00008bf4   0x000000b0   Dbug   RW   335     .debug_info         sh.o(shell_li.a)
    0x00008ca4   0x000000dc   Dbug   RW   338     .debug_info         sh.o(shell_li.a)
    0x00008d80   0x000000bc   Dbug   RW   341     .debug_info         sh.o(shell_li.a)
    0x00008e3c   0x000000b8   Dbug   RW   344     .debug_info         sh.o(shell_li.a)
    0x00008ef4   0x000000b8   Dbug   RW   347     .debug_info         sh.o(shell_li.a)
    0x00008fac   0x000000b0   Dbug   RW   350     .debug_info         sh.o(shell_li.a)
    0x0000905c   0x00000078   Dbug   RW   353     .debug_info         sh.o(shell_li.a)
    0x000090d4   0x000000bc   Dbug   RW   356     .debug_info         sh.o(shell_li.a)
    0x00009190   0x00000088   Dbug   RW   359     .debug_info         sh.o(shell_li.a)
    0x00009218   0x00000190   Dbug   RW   362     .debug_info         sh.o(shell_li.a)
    0x000093a8   0x0000010c   Dbug   RW   365     .debug_info         sh.o(shell_li.a)
    0x000094b4   0x00000134   Dbug   RW   368     .debug_info         sh.o(shell_li.a)
    0x000095e8   0x00000200   Dbug   RW   371     .debug_info         sh.o(shell_li.a)
    0x000097e8   0x000000e0   Dbug   RW   374     .debug_info         sh.o(shell_li.a)
    0x000098c8   0x000001a0   Dbug   RW   377     .debug_info         sh.o(shell_li.a)
    0x00009a68   0x00000088   Dbug   RW   380     .debug_info         sh.o(shell_li.a)
    0x00009af0   0x000000b4   Dbug   RW   383     .debug_info         sh.o(shell_li.a)
    0x00009ba4   0x0000008c   Dbug   RW   386     .debug_info         sh.o(shell_li.a)
    0x00009c30   0x0000030c   Dbug   RW   431     .debug_info         sh.o(shell_li.a)
    0x00009f3c   0x00000150   Dbug   RW   389     .debug_info         sh.o(shell_li.a)
    0x0000a08c   0x00000088   Dbug   RW   392     .debug_info         sh.o(shell_li.a)
    0x0000a114   0x00000184   Dbug   RW   395     .debug_info         sh.o(shell_li.a)
    0x0000a298   0x00000088   Dbug   RW   398     .debug_info         sh.o(shell_li.a)
    0x0000a320   0x000000c0   Dbug   RW   401     .debug_info         sh.o(shell_li.a)
    0x0000a3e0   0x00000108   Dbug   RW   434     .debug_info         sh.o(shell_li.a)
    0x0000a4e8   0x000001c4   Dbug   RW   444     .debug_info         sh.o(shell_li.a)
    0x0000a6ac   0x00003ec4   Dbug   RW   408     .debug_info         sh.o(shell_li.a)
    0x0000e570   0x0000018c   Dbug   RW   461     .debug_info         main.o(shell_li.a)
    0x0000e6fc   0x000001c0   Dbug   RW   469     .debug_info         main.o(shell_li.a)
    0x0000e8bc   0x00000398   Dbug   RW   465     .debug_info         main.o(shell_li.a)
    0x0000ec54   0x0000007c   Dbug   RW   475     .debug_info         switrap.o(shell_li.a)
    0x0000ecd0   0x00000078   Dbug   RW   482     .debug_info         timer.o(shell_li.a)
    0x0000ed48   0x000000a4   Dbug   RW   491     .debug_info         timer.o(shell_li.a)
    0x0000edec   0x00000088   Dbug   RW   485     .debug_info         timer.o(shell_li.a)
    0x0000ee74   0x00000090   Dbug   RW   488     .debug_info         timer.o(shell_li.a)
    0x0000ef04   0x000000e8   Dbug   RW   495     .debug_info         timer.o(shell_li.a)
    0x0000efec   0x00000174   Dbug   RW   526     .debug_info         heap.o(shell_li.a)
    0x0000f160   0x000000d4   Dbug   RW   505     .debug_info         heap.o(shell_li.a)
    0x0000f234   0x00000250   Dbug   RW   517     .debug_info         heap.o(shell_li.a)
    0x0000f484   0x000000d8   Dbug   RW   508     .debug_info         heap.o(shell_li.a)
    0x0000f55c   0x000000f0   Dbug   RW   511     .debug_info         heap.o(shell_li.a)
    0x0000f64c   0x000000f0   Dbug   RW   514     .debug_info         heap.o(shell_li.a)
    0x0000f73c   0x00000290   Dbug   RW   521     .debug_info         heap.o(shell_li.a)
    0x0000f9cc   0x000000c8   Dbug   RW   534     .debug_info         bib.o(shell_li.a)
    0x0000fa94   0x0000030c   Dbug   RW   538     .debug_info         bib.o(shell_li.a)
    0x0000fda0   0x00000078   Dbug   RW   547     .debug_info         irq.o(shell_li.a)
    0x0000fe18   0x00000340   Dbug   RW   557     .debug_info         bootproc.o(shell_li.a)
    0x00010158   0x00000078   Dbug   RW   562     .debug_info         mem.o(shell_li.a)
    0x000101d0   0x00000094   Dbug   RW   586     .debug_info         retarget.o(shell_li.a)
    0x00010264   0x0000010c   Dbug   RW   595     .debug_info         retarget.o(shell_li.a)
    0x00010370   0x000000b8   Dbug   RW   568     .debug_info         retarget.o(shell_li.a)
    0x00010428   0x00000094   Dbug   RW   571     .debug_info         retarget.o(shell_li.a)
    0x000104bc   0x00000090   Dbug   RW   574     .debug_info         retarget.o(shell_li.a)
    0x0001054c   0x0000009c   Dbug   RW   577     .debug_info         retarget.o(shell_li.a)
    0x000105e8   0x000000d4   Dbug   RW   580     .debug_info         retarget.o(shell_li.a)
    0x000106bc   0x00000124   Dbug   RW   583     .debug_info         retarget.o(shell_li.a)
    0x000107e0   0x00000208   Dbug   RW   590     .debug_info         retarget.o(shell_li.a)
    0x000109e8   0x00000090   Dbug   RW   600     .debug_info         wbled.o(shell_li.a)
    0x00010a78   0x00000090   Dbug   RW   603     .debug_info         wbled.o(shell_li.a)
    0x00010b08   0x0000008c   Dbug   RW   606     .debug_info         wbled.o(shell_li.a)
    0x00010b94   0x00000090   Dbug   RW   609     .debug_info         wbled.o(shell_li.a)
    0x00010c24   0x00000078   Dbug   RW   612     .debug_info         wbled.o(shell_li.a)
    0x00010c9c   0x0000008c   Dbug   RW   615     .debug_info         wbled.o(shell_li.a)
    0x00010d28   0x00000074   Dbug   RW   618     .debug_info         wbled.o(shell_li.a)
    0x00010d9c   0x000001e8   Dbug   RW   624     .debug_info         wbled.o(shell_li.a)
    0x00000000   0x000000c0   Dbug   RW     3     .debug_line         init.o
    0x000000c0   0x00000090   Dbug   RW     7     .debug_line         vectors.o
    0x00000150   0x00000080   Dbug   RW    18     .debug_line         wbl_info.o
    0x000001d0   0x00000058   Dbug   RW    28     .debug_line         wbl_info.o
    0x00000228   0x00000064   Dbug   RW    32     .debug_line         wbl_info.o
    0x0000028c   0x00000060   Dbug   RW    36     .debug_line         wbl_info.o
    0x000002ec   0x000000c4   Dbug   RW    51     .debug_line         command.o
    0x000003b0   0x000000a8   Dbug   RW    55     .debug_line         command.o
    0x00000458   0x00000054   Dbug   RW    60     .debug_line         command.o
    0x000004ac   0x00000a68   Dbug   RW   263     .debug_line         flash.o(flash_li.a)
    0x00000f14   0x000000a4   Dbug   RW   268     .debug_line         flash.o(flash_li.a)
    0x00000fb8   0x00000078   Dbug   RW   272     .debug_line         flash.o(flash_li.a)
    0x00001030   0x00000570   Dbug   RW   301     .debug_line         image.o(flash_li.a)
    0x000015a0   0x00000178   Dbug   RW   403     .debug_line         sh.o(shell_li.a)
    0x00001718   0x00000df0   Dbug   RW   407     .debug_line         sh.o(shell_li.a)
    0x00002508   0x00000050   Dbug   RW   412     .debug_line         sh.o(shell_li.a)
    0x00002558   0x00000054   Dbug   RW   433     .debug_line         sh.o(shell_li.a)
    0x000025ac   0x0000014c   Dbug   RW   460     .debug_line         main.o(shell_li.a)
    0x000026f8   0x00000198   Dbug   RW   464     .debug_line         main.o(shell_li.a)
    0x00002890   0x000000e4   Dbug   RW   476     .debug_line         switrap.o(shell_li.a)
    0x00002974   0x0000009c   Dbug   RW   490     .debug_line         timer.o(shell_li.a)
    0x00002a10   0x00000084   Dbug   RW   494     .debug_line         timer.o(shell_li.a)
    0x00002a94   0x00000088   Dbug   RW   516     .debug_line         heap.o(shell_li.a)
    0x00002b1c   0x00000120   Dbug   RW   520     .debug_line         heap.o(shell_li.a)
    0x00002c3c   0x00000050   Dbug   RW   525     .debug_line         heap.o(shell_li.a)
    0x00002c8c   0x000000e4   Dbug   RW   533     .debug_line         bib.o(shell_li.a)
    0x00002d70   0x00000070   Dbug   RW   548     .debug_line         irq.o(shell_li.a)
    0x00002de0   0x00000144   Dbug   RW   556     .debug_line         bootproc.o(shell_li.a)
    0x00002f24   0x00000070   Dbug   RW   563     .debug_line         mem.o(shell_li.a)
    0x00002f94   0x00000098   Dbug   RW   585     .debug_line         retarget.o(shell_li.a)
    0x0000302c   0x000000cc   Dbug   RW   589     .debug_line         retarget.o(shell_li.a)
    0x000030f8   0x00000050   Dbug   RW   594     .debug_line         retarget.o(shell_li.a)
    0x00003148   0x0000015c   Dbug   RW   623     .debug_line         wbled.o(shell_li.a)
    0x00000000   0x00000054   Dbug   RW    21     .debug_loc          wbl_info.o
    0x00000054   0x000000d8   Dbug   RW    58     .debug_loc          command.o
    0x0000012c   0x00002894   Dbug   RW   266     .debug_loc          flash.o(flash_li.a)
    0x000029c0   0x00000e04   Dbug   RW   304     .debug_loc          image.o(flash_li.a)
    0x000037c4   0x00003468   Dbug   RW   410     .debug_loc          sh.o(shell_li.a)
    0x00006c2c   0x00000140   Dbug   RW   467     .debug_loc          main.o(shell_li.a)
    0x00006d6c   0x00000064   Dbug   RW   497     .debug_loc          timer.o(shell_li.a)
    0x00006dd0   0x00000184   Dbug   RW   523     .debug_loc          heap.o(shell_li.a)
    0x00006f54   0x00000070   Dbug   RW   536     .debug_loc          bib.o(shell_li.a)
    0x00006fc4   0x00000118   Dbug   RW   559     .debug_loc          bootproc.o(shell_li.a)
    0x000070dc   0x000001d4   Dbug   RW   592     .debug_loc          retarget.o(shell_li.a)
    0x000072b0   0x00000268   Dbug   RW   626     .debug_loc          wbled.o(shell_li.a)
    0x00000000   0x00000018   Dbug   RW    31     .debug_macinfo      wbl_info.o
    0x00000018   0x000002c0   Dbug   RW    35     .debug_macinfo      wbl_info.o
    0x000002d8   0x00000028   Dbug   RW    39     .debug_macinfo      wbl_info.o
    0x00000300   0x00000198   Dbug   RW    54     .debug_macinfo      command.o
    0x00000498   0x0000017c   Dbug   RW    63     .debug_macinfo      command.o
    0x00000614   0x00000198   Dbug   RW   271     .debug_macinfo      flash.o(flash_li.a)
    0x000007ac   0x00000130   Dbug   RW   281     .debug_macinfo      flash.o(flash_li.a)
    0x000008dc   0x00000260   Dbug   RW   406     .debug_macinfo      sh.o(shell_li.a)
    0x00000b3c   0x00000048   Dbug   RW   415     .debug_macinfo      sh.o(shell_li.a)
    0x00000b84   0x0000001c   Dbug   RW   423     .debug_macinfo      sh.o(shell_li.a)
    0x00000ba0   0x000000b8   Dbug   RW   436     .debug_macinfo      sh.o(shell_li.a)
    0x00000c58   0x000001ac   Dbug   RW   463     .debug_macinfo      main.o(shell_li.a)
    0x00000e04   0x00000174   Dbug   RW   493     .debug_macinfo      timer.o(shell_li.a)
    0x00000f78   0x000001a8   Dbug   RW   519     .debug_macinfo      heap.o(shell_li.a)
    0x00001120   0x0000002c   Dbug   RW   528     .debug_macinfo      heap.o(shell_li.a)
    0x0000114c   0x000001c0   Dbug   RW   588     .debug_macinfo      retarget.o(shell_li.a)
    0x0000130c   0x000001f0   Dbug   RW   597     .debug_macinfo      retarget.o(shell_li.a)
    0x00000000   0x00000020   Dbug   RW    13     .debug_pubnames     wbl_info.o
    0x00000020   0x00000020   Dbug   RW    20     .debug_pubnames     wbl_info.o
    0x00000040   0x0000008c   Dbug   RW    30     .debug_pubnames     wbl_info.o
    0x000000cc   0x00000068   Dbug   RW    34     .debug_pubnames     wbl_info.o
    0x00000134   0x00000040   Dbug   RW    38     .debug_pubnames     wbl_info.o
    0x00000174   0x00000024   Dbug   RW    47     .debug_pubnames     command.o
    0x00000198   0x00000020   Dbug   RW    50     .debug_pubnames     command.o
    0x000001b8   0x00000048   Dbug   RW    53     .debug_pubnames     command.o
    0x00000200   0x00000030   Dbug   RW    57     .debug_pubnames     command.o
    0x00000230   0x00000060   Dbug   RW    62     .debug_pubnames     command.o
    0x00000290   0x00000028   Dbug   RW    73     .debug_pubnames     flash.o(flash_li.a)
    0x000002b8   0x00000020   Dbug   RW    76     .debug_pubnames     flash.o(flash_li.a)
    0x000002d8   0x00000024   Dbug   RW    79     .debug_pubnames     flash.o(flash_li.a)
    0x000002fc   0x00000024   Dbug   RW    82     .debug_pubnames     flash.o(flash_li.a)
    0x00000320   0x00000024   Dbug   RW    85     .debug_pubnames     flash.o(flash_li.a)
    0x00000344   0x0000002c   Dbug   RW    88     .debug_pubnames     flash.o(flash_li.a)
    0x00000370   0x0000002c   Dbug   RW    91     .debug_pubnames     flash.o(flash_li.a)
    0x0000039c   0x0000002c   Dbug   RW    94     .debug_pubnames     flash.o(flash_li.a)
    0x000003c8   0x0000002c   Dbug   RW    97     .debug_pubnames     flash.o(flash_li.a)
    0x000003f4   0x00000028   Dbug   RW   100     .debug_pubnames     flash.o(flash_li.a)
    0x0000041c   0x00000028   Dbug   RW   103     .debug_pubnames     flash.o(flash_li.a)
    0x00000444   0x00000028   Dbug   RW   106     .debug_pubnames     flash.o(flash_li.a)
    0x0000046c   0x00000028   Dbug   RW   109     .debug_pubnames     flash.o(flash_li.a)
    0x00000494   0x0000002c   Dbug   RW   112     .debug_pubnames     flash.o(flash_li.a)
    0x000004c0   0x0000002c   Dbug   RW   115     .debug_pubnames     flash.o(flash_li.a)
    0x000004ec   0x0000002c   Dbug   RW   118     .debug_pubnames     flash.o(flash_li.a)
    0x00000518   0x0000002c   Dbug   RW   121     .debug_pubnames     flash.o(flash_li.a)
    0x00000544   0x00000028   Dbug   RW   124     .debug_pubnames     flash.o(flash_li.a)
    0x0000056c   0x00000028   Dbug   RW   127     .debug_pubnames     flash.o(flash_li.a)
    0x00000594   0x0000002c   Dbug   RW   130     .debug_pubnames     flash.o(flash_li.a)
    0x000005c0   0x0000002c   Dbug   RW   133     .debug_pubnames     flash.o(flash_li.a)
    0x000005ec   0x00000028   Dbug   RW   136     .debug_pubnames     flash.o(flash_li.a)
    0x00000614   0x0000002c   Dbug   RW   139     .debug_pubnames     flash.o(flash_li.a)
    0x00000640   0x0000002c   Dbug   RW   142     .debug_pubnames     flash.o(flash_li.a)
    0x0000066c   0x0000002c   Dbug   RW   145     .debug_pubnames     flash.o(flash_li.a)
    0x00000698   0x0000002c   Dbug   RW   148     .debug_pubnames     flash.o(flash_li.a)
    0x000006c4   0x00000028   Dbug   RW   151     .debug_pubnames     flash.o(flash_li.a)
    0x000006ec   0x0000002c   Dbug   RW   154     .debug_pubnames     flash.o(flash_li.a)
    0x00000718   0x0000002c   Dbug   RW   157     .debug_pubnames     flash.o(flash_li.a)
    0x00000744   0x0000002c   Dbug   RW   160     .debug_pubnames     flash.o(flash_li.a)
    0x00000770   0x0000002c   Dbug   RW   163     .debug_pubnames     flash.o(flash_li.a)
    0x0000079c   0x00000030   Dbug   RW   166     .debug_pubnames     flash.o(flash_li.a)
    0x000007cc   0x00000030   Dbug   RW   169     .debug_pubnames     flash.o(flash_li.a)
    0x000007fc   0x0000002c   Dbug   RW   172     .debug_pubnames     flash.o(flash_li.a)
    0x00000828   0x0000002c   Dbug   RW   175     .debug_pubnames     flash.o(flash_li.a)
    0x00000854   0x0000002c   Dbug   RW   178     .debug_pubnames     flash.o(flash_li.a)
    0x00000880   0x0000002c   Dbug   RW   181     .debug_pubnames     flash.o(flash_li.a)
    0x000008ac   0x00000028   Dbug   RW   184     .debug_pubnames     flash.o(flash_li.a)
    0x000008d4   0x00000030   Dbug   RW   187     .debug_pubnames     flash.o(flash_li.a)
    0x00000904   0x00000030   Dbug   RW   190     .debug_pubnames     flash.o(flash_li.a)
    0x00000934   0x00000030   Dbug   RW   193     .debug_pubnames     flash.o(flash_li.a)
    0x00000964   0x00000030   Dbug   RW   196     .debug_pubnames     flash.o(flash_li.a)
    0x00000994   0x0000002c   Dbug   RW   199     .debug_pubnames     flash.o(flash_li.a)
    0x000009c0   0x0000002c   Dbug   RW   202     .debug_pubnames     flash.o(flash_li.a)
    0x000009ec   0x0000002c   Dbug   RW   205     .debug_pubnames     flash.o(flash_li.a)
    0x00000a18   0x0000002c   Dbug   RW   208     .debug_pubnames     flash.o(flash_li.a)
    0x00000a44   0x0000002c   Dbug   RW   211     .debug_pubnames     flash.o(flash_li.a)
    0x00000a70   0x0000002c   Dbug   RW   214     .debug_pubnames     flash.o(flash_li.a)
    0x00000a9c   0x0000002c   Dbug   RW   217     .debug_pubnames     flash.o(flash_li.a)
    0x00000ac8   0x0000002c   Dbug   RW   220     .debug_pubnames     flash.o(flash_li.a)
    0x00000af4   0x0000002c   Dbug   RW   223     .debug_pubnames     flash.o(flash_li.a)
    0x00000b20   0x0000002c   Dbug   RW   226     .debug_pubnames     flash.o(flash_li.a)
    0x00000b4c   0x00000028   Dbug   RW   229     .debug_pubnames     flash.o(flash_li.a)
    0x00000b74   0x00000028   Dbug   RW   232     .debug_pubnames     flash.o(flash_li.a)
    0x00000b9c   0x0000002c   Dbug   RW   235     .debug_pubnames     flash.o(flash_li.a)
    0x00000bc8   0x00000028   Dbug   RW   238     .debug_pubnames     flash.o(flash_li.a)
    0x00000bf0   0x00000028   Dbug   RW   241     .debug_pubnames     flash.o(flash_li.a)
    0x00000c18   0x00000028   Dbug   RW   244     .debug_pubnames     flash.o(flash_li.a)
    0x00000c40   0x0000002c   Dbug   RW   247     .debug_pubnames     flash.o(flash_li.a)
    0x00000c6c   0x0000002c   Dbug   RW   250     .debug_pubnames     flash.o(flash_li.a)
    0x00000c98   0x0000002c   Dbug   RW   253     .debug_pubnames     flash.o(flash_li.a)
    0x00000cc4   0x00000030   Dbug   RW   256     .debug_pubnames     flash.o(flash_li.a)
    0x00000cf4   0x00000030   Dbug   RW   259     .debug_pubnames     flash.o(flash_li.a)
    0x00000d24   0x00000020   Dbug   RW   262     .debug_pubnames     flash.o(flash_li.a)
    0x00000d44   0x00000640   Dbug   RW   265     .debug_pubnames     flash.o(flash_li.a)
    0x00001384   0x00000024   Dbug   RW   270     .debug_pubnames     flash.o(flash_li.a)
    0x000013a8   0x00000024   Dbug   RW   274     .debug_pubnames     flash.o(flash_li.a)
    0x000013cc   0x00000068   Dbug   RW   280     .debug_pubnames     flash.o(flash_li.a)
    0x00001434   0x00000020   Dbug   RW   287     .debug_pubnames     image.o(flash_li.a)
    0x00001454   0x00000020   Dbug   RW   290     .debug_pubnames     image.o(flash_li.a)
    0x00001474   0x00000020   Dbug   RW   293     .debug_pubnames     image.o(flash_li.a)
    0x00001494   0x00000024   Dbug   RW   296     .debug_pubnames     image.o(flash_li.a)
    0x000014b8   0x000000c0   Dbug   RW   303     .debug_pubnames     image.o(flash_li.a)
    0x00001578   0x00000068   Dbug   RW   307     .debug_pubnames     image.o(flash_li.a)
    0x000015e0   0x00000020   Dbug   RW   315     .debug_pubnames     sh.o(shell_li.a)
    0x00001600   0x00000020   Dbug   RW   318     .debug_pubnames     sh.o(shell_li.a)
    0x00001620   0x00000020   Dbug   RW   321     .debug_pubnames     sh.o(shell_li.a)
    0x00001640   0x00000024   Dbug   RW   324     .debug_pubnames     sh.o(shell_li.a)
    0x00001664   0x0000001c   Dbug   RW   327     .debug_pubnames     sh.o(shell_li.a)
    0x00001680   0x00000028   Dbug   RW   330     .debug_pubnames     sh.o(shell_li.a)
    0x000016a8   0x00000028   Dbug   RW   333     .debug_pubnames     sh.o(shell_li.a)
    0x000016d0   0x00000020   Dbug   RW   336     .debug_pubnames     sh.o(shell_li.a)
    0x000016f0   0x0000001c   Dbug   RW   339     .debug_pubnames     sh.o(shell_li.a)
    0x0000170c   0x0000001c   Dbug   RW   342     .debug_pubnames     sh.o(shell_li.a)
    0x00001728   0x0000001c   Dbug   RW   345     .debug_pubnames     sh.o(shell_li.a)
    0x00001744   0x00000020   Dbug   RW   348     .debug_pubnames     sh.o(shell_li.a)
    0x00001764   0x00000024   Dbug   RW   351     .debug_pubnames     sh.o(shell_li.a)
    0x00001788   0x00000024   Dbug   RW   354     .debug_pubnames     sh.o(shell_li.a)
    0x000017ac   0x00000020   Dbug   RW   357     .debug_pubnames     sh.o(shell_li.a)
    0x000017cc   0x00000020   Dbug   RW   360     .debug_pubnames     sh.o(shell_li.a)
    0x000017ec   0x00000020   Dbug   RW   363     .debug_pubnames     sh.o(shell_li.a)
    0x0000180c   0x00000020   Dbug   RW   366     .debug_pubnames     sh.o(shell_li.a)
    0x0000182c   0x00000020   Dbug   RW   369     .debug_pubnames     sh.o(shell_li.a)
    0x0000184c   0x00000024   Dbug   RW   372     .debug_pubnames     sh.o(shell_li.a)
    0x00001870   0x00000020   Dbug   RW   375     .debug_pubnames     sh.o(shell_li.a)
    0x00001890   0x00000020   Dbug   RW   378     .debug_pubnames     sh.o(shell_li.a)
    0x000018b0   0x00000020   Dbug   RW   381     .debug_pubnames     sh.o(shell_li.a)
    0x000018d0   0x00000024   Dbug   RW   384     .debug_pubnames     sh.o(shell_li.a)
    0x000018f4   0x00000024   Dbug   RW   387     .debug_pubnames     sh.o(shell_li.a)
    0x00001918   0x00000024   Dbug   RW   390     .debug_pubnames     sh.o(shell_li.a)
    0x0000193c   0x00000020   Dbug   RW   393     .debug_pubnames     sh.o(shell_li.a)
    0x0000195c   0x00000024   Dbug   RW   396     .debug_pubnames     sh.o(shell_li.a)
    0x00001980   0x00000020   Dbug   RW   399     .debug_pubnames     sh.o(shell_li.a)
    0x000019a0   0x00000024   Dbug   RW   402     .debug_pubnames     sh.o(shell_li.a)
    0x000019c4   0x000000ac   Dbug   RW   405     .debug_pubnames     sh.o(shell_li.a)
    0x00001a70   0x0000030c   Dbug   RW   409     .debug_pubnames     sh.o(shell_li.a)
    0x00001d7c   0x00000020   Dbug   RW   414     .debug_pubnames     sh.o(shell_li.a)
    0x00001d9c   0x0000008c   Dbug   RW   425     .debug_pubnames     sh.o(shell_li.a)
    0x00001e28   0x00000060   Dbug   RW   427     .debug_pubnames     sh.o(shell_li.a)
    0x00001e88   0x00000068   Dbug   RW   432     .debug_pubnames     sh.o(shell_li.a)
    0x00001ef0   0x00000078   Dbug   RW   435     .debug_pubnames     sh.o(shell_li.a)
    0x00001f68   0x00000040   Dbug   RW   445     .debug_pubnames     sh.o(shell_li.a)
    0x00001fa8   0x00000084   Dbug   RW   462     .debug_pubnames     main.o(shell_li.a)
    0x0000202c   0x0000001c   Dbug   RW   466     .debug_pubnames     main.o(shell_li.a)
    0x00002048   0x00000040   Dbug   RW   470     .debug_pubnames     main.o(shell_li.a)
    0x00002088   0x00000024   Dbug   RW   483     .debug_pubnames     timer.o(shell_li.a)
    0x000020ac   0x0000001c   Dbug   RW   486     .debug_pubnames     timer.o(shell_li.a)
    0x000020c8   0x0000001c   Dbug   RW   489     .debug_pubnames     timer.o(shell_li.a)
    0x000020e4   0x0000002c   Dbug   RW   492     .debug_pubnames     timer.o(shell_li.a)
    0x00002110   0x00000038   Dbug   RW   496     .debug_pubnames     timer.o(shell_li.a)
    0x00002148   0x00000030   Dbug   RW   506     .debug_pubnames     heap.o(shell_li.a)
    0x00002178   0x0000002c   Dbug   RW   509     .debug_pubnames     heap.o(shell_li.a)
    0x000021a4   0x00000024   Dbug   RW   512     .debug_pubnames     heap.o(shell_li.a)
    0x000021c8   0x00000024   Dbug   RW   515     .debug_pubnames     heap.o(shell_li.a)
    0x000021ec   0x000000d4   Dbug   RW   518     .debug_pubnames     heap.o(shell_li.a)
    0x000022c0   0x0000006c   Dbug   RW   522     .debug_pubnames     heap.o(shell_li.a)
    0x0000232c   0x00000060   Dbug   RW   527     .debug_pubnames     heap.o(shell_li.a)
    0x0000238c   0x00000024   Dbug   RW   535     .debug_pubnames     bib.o(shell_li.a)
    0x000023b0   0x00000068   Dbug   RW   539     .debug_pubnames     bib.o(shell_li.a)
    0x00002418   0x00000024   Dbug   RW   558     .debug_pubnames     bootproc.o(shell_li.a)
    0x0000243c   0x0000001c   Dbug   RW   569     .debug_pubnames     retarget.o(shell_li.a)
    0x00002458   0x00000020   Dbug   RW   572     .debug_pubnames     retarget.o(shell_li.a)
    0x00002478   0x00000020   Dbug   RW   575     .debug_pubnames     retarget.o(shell_li.a)
    0x00002498   0x00000020   Dbug   RW   578     .debug_pubnames     retarget.o(shell_li.a)
    0x000024b8   0x00000024   Dbug   RW   581     .debug_pubnames     retarget.o(shell_li.a)
    0x000024dc   0x00000024   Dbug   RW   584     .debug_pubnames     retarget.o(shell_li.a)
    0x00002500   0x00000020   Dbug   RW   587     .debug_pubnames     retarget.o(shell_li.a)
    0x00002520   0x00000064   Dbug   RW   591     .debug_pubnames     retarget.o(shell_li.a)
    0x00002584   0x00000084   Dbug   RW   596     .debug_pubnames     retarget.o(shell_li.a)
    0x00002608   0x00000024   Dbug   RW   601     .debug_pubnames     wbled.o(shell_li.a)
    0x0000262c   0x00000024   Dbug   RW   604     .debug_pubnames     wbled.o(shell_li.a)
    0x00002650   0x00000020   Dbug   RW   607     .debug_pubnames     wbled.o(shell_li.a)
    0x00002670   0x00000024   Dbug   RW   610     .debug_pubnames     wbled.o(shell_li.a)
    0x00002694   0x00000020   Dbug   RW   613     .debug_pubnames     wbled.o(shell_li.a)
    0x000026b4   0x00000020   Dbug   RW   616     .debug_pubnames     wbled.o(shell_li.a)
    0x000026d4   0x0000001c   Dbug   RW   619     .debug_pubnames     wbled.o(shell_li.a)
    0x000026f0   0x00000098   Dbug   RW   625     .debug_pubnames     wbled.o(shell_li.a)


================================================================================

Image component sizes


      Code    RO Data    RW Data    ZI Data      Debug   

      1440        820        315          0       8508   Object Totals
     52736       1548       6239       6068     131840   Library Totals

================================================================================


      Code    RO Data    RW Data    ZI Data      Debug   

     54176       2368       6554       6068     140348   Grand Totals

================================================================================

    Total RO  Size(Code + RO Data)                56544 (  55.22kB)
    Total RW  Size(RW Data + ZI Data)             12622 (  12.33kB)
    Total ROM Size(Code + RO Data + RW Data)      63098 (  61.62kB)

================================================================================

